MPLINK 4.20, Linker
Linker Map File - Created Thu Aug 18 20:56:50 2011

                                 Section Info
                  Section       Type    Address   Location Size(Bytes)
                ---------  ---------  ---------  ---------  ---------
               _entry_scn       code   0x000000    program   0x000006
           .code___init.o       code   0x000006    program   0x000002
REMAPPED_HIGH_INTERRUPT_VECTOR       code   0x000008    program   0x000006
          .code_adcbusy.o       code   0x00000e    program   0x00000a
REMAPPED_LOW_INTERRUPT_VECTOR       code   0x000018    program   0x000006
                   .cinit    romdata   0x00001e    program   0x00000e
         .code_Keyboard.o       code   0x00002c    program   0x00129e
       .code_usb_device.o       code   0x0012ca    program   0x000aa6
 .code_usb_function_cdc.o       code   0x001d70    program   0x00039c
                     PROG       code   0x00210c    program   0x000128
.romdata_usb_descriptors.o    romdata   0x002234    program   0x000119
.romdata_usb_function_cdc.o    romdata   0x00234d    program   0x000000
       .idata_adcbusy.o_i    romdata   0x00234d    program   0x000000
       .romdata_adcbusy.o    romdata   0x00234d    program   0x000000
        .romdata___init.o    romdata   0x00234d    program   0x000000
       .idata_adcconv.o_i    romdata   0x00234d    program   0x000000
       .romdata_adcconv.o    romdata   0x00234d    program   0x000000
      .idata_fxd1616u.o_i    romdata   0x00234d    program   0x000000
      .romdata_fxd1616u.o    romdata   0x00234d    program   0x000000
      .idata_fxd2424u.o_i    romdata   0x00234d    program   0x000000
      .romdata_fxd2424u.o    romdata   0x00234d    program   0x000000
      .idata_fxd3232u.o_i    romdata   0x00234d    program   0x000000
      .romdata_fxd3232u.o    romdata   0x00234d    program   0x000000
        .idata___init.o_i    romdata   0x00234d    program   0x000000
      .romdata_spi_writ.o    romdata   0x00234d    program   0x000000
      .idata_spi_writ.o_i    romdata   0x00234d    program   0x000000
       .idata_adcopen.o_i    romdata   0x00234d    program   0x000000
       .romdata_adcopen.o    romdata   0x00234d    program   0x000000
      .idata_spi_open.o_i    romdata   0x00234d    program   0x000000
      .romdata_spi_open.o    romdata   0x00234d    program   0x000000
       .idata_adcread.o_i    romdata   0x00234d    program   0x000000
       .romdata_adcread.o    romdata   0x00234d    program   0x000000
      .idata_adcsetch.o_i    romdata   0x00234d    program   0x000000
      .romdata_adcsetch.o    romdata   0x00234d    program   0x000000
         .idata_c018i.o_i    romdata   0x00234d    program   0x000000
         .romdata_c018i.o    romdata   0x00234d    program   0x000000
.idata_usb_descriptors.o_i    romdata   0x00234d    program   0x000000
    .idata_usb_device.o_i    romdata   0x00234d    program   0x000000
    .romdata_usb_device.o    romdata   0x00234d    program   0x000000
.idata_usb_function_hid.o_i    romdata   0x00234d    program   0x000000
.romdata_usb_function_hid.o    romdata   0x00234d    program   0x000000
      .romdata_Keyboard.o    romdata   0x00234d    program   0x000000
.idata_usb_function_cdc.o_i    romdata   0x00234d    program   0x000000
            .code_c018i.o       code   0x00234e    program   0x000000
  .code_usb_descriptors.o       code   0x00234e    program   0x000000
 .code_usb_function_hid.o       code   0x00234e    program   0x0000dc
               _cinit_scn       code   0x00242a    program   0x00009e
                   STRING       code   0x0024c8    program   0x00007a
          .code_adcopen.o       code   0x002542    program   0x00006e
         .code_spi_open.o       code   0x0025b0    program   0x000064
         .code_fxd3232u.o       code   0x002614    program   0x000048
         .code_fxd2424u.o       code   0x00265c    program   0x00003a
         .code_spi_writ.o       code   0x002696    program   0x000030
         .code_adcsetch.o       code   0x0026c6    program   0x00002e
         .code_fxd1616u.o       code   0x0026f4    program   0x00002c
              D1KTCYXCODE       code   0x002720    program   0x000020
             _startup_scn       code   0x002740    program   0x00001c
             .stringtable    romdata   0x00275c    program   0x00001c
              D10TCYXCODE       code   0x002778    program   0x000016
          .code_adcread.o       code   0x00278e    program   0x000012
                    .code       code   0x0027a0    program   0x00000e
          .code_adcconv.o       code   0x0027ae    program   0x000004
      .idata_Keyboard.o_i    romdata   0x0027b2    program   0x0000de
.config_300000_Keyboard.o    romdata   0x300000    program   0x000001
.config_300001_Keyboard.o    romdata   0x300001    program   0x000001
.config_300002_Keyboard.o    romdata   0x300002    program   0x000001
.config_300003_Keyboard.o    romdata   0x300003    program   0x000001
.config_300005_Keyboard.o    romdata   0x300005    program   0x000001
.config_300006_Keyboard.o    romdata   0x300006    program   0x000001
.config_300008_Keyboard.o    romdata   0x300008    program   0x000001
.config_300009_Keyboard.o    romdata   0x300009    program   0x000001
.config_30000a_Keyboard.o    romdata   0x30000a    program   0x000001
.config_30000b_Keyboard.o    romdata   0x30000b    program   0x000001
.config_30000c_Keyboard.o    romdata   0x30000c    program   0x000001
.config_30000d_Keyboard.o    romdata   0x30000d    program   0x000001
                MATH_DATA      udata   0x000000       data   0x000014
                 .tmpdata      udata   0x000014       data   0x000010
                DELAYDAT1      udata   0x000024       data   0x000001
      .udata_usb_device.o      udata   0x000060       data   0x000035
        .udata_Keyboard.o      udata   0x000100       data   0x0000eb
           .udata_c018i.o      udata   0x0001eb       data   0x00000a
        .idata_Keyboard.o      idata   0x000200       data   0x0000de
.udata_usb_function_cdc.o      udata   0x0002de       data   0x000019
.udata_usb_function_hid.o      udata   0x0002f7       data   0x000003
        .idata_fxd2424u.o      idata   0x0002fa       data   0x000000
        .udata_fxd3232u.o      udata   0x0002fa       data   0x000000
          .idata___init.o      idata   0x0002fa       data   0x000000
        .idata_fxd3232u.o      idata   0x0002fa       data   0x000000
         .udata_adcopen.o      udata   0x0002fa       data   0x000000
         .idata_adcopen.o      idata   0x0002fa       data   0x000000
        .udata_spi_open.o      udata   0x0002fa       data   0x000000
        .idata_spi_open.o      idata   0x0002fa       data   0x000000
         .udata_adcread.o      udata   0x0002fa       data   0x000000
         .idata_adcread.o      idata   0x0002fa       data   0x000000
          .udata___init.o      udata   0x0002fa       data   0x000000
        .idata_spi_writ.o      idata   0x0002fa       data   0x000000
        .udata_adcsetch.o      udata   0x0002fa       data   0x000000
        .idata_adcsetch.o      idata   0x0002fa       data   0x000000
        .udata_spi_writ.o      udata   0x0002fa       data   0x000000
        .udata_fxd2424u.o      udata   0x0002fa       data   0x000000
        .idata_fxd1616u.o      idata   0x0002fa       data   0x000000
        .udata_fxd1616u.o      udata   0x0002fa       data   0x000000
         .idata_adcconv.o      idata   0x0002fa       data   0x000000
         .udata_adcconv.o      udata   0x0002fa       data   0x000000
         .idata_adcbusy.o      idata   0x0002fa       data   0x000000
         .udata_adcbusy.o      udata   0x0002fa       data   0x000000
           .idata_c018i.o      idata   0x0002fa       data   0x000000
.idata_usb_function_cdc.o      idata   0x0002fa       data   0x000000
.idata_usb_function_hid.o      idata   0x0002fa       data   0x000000
 .udata_usb_descriptors.o      udata   0x0002fa       data   0x000000
      .idata_usb_device.o      idata   0x0002fa       data   0x000000
 .idata_usb_descriptors.o      idata   0x0002fa       data   0x000000
                   .stack      udata   0x000300       data   0x000100
                  USB_BDT      udata   0x000400       data   0x00003b
                 USB_VARS      udata   0x00043b       data   0x00008f
            SFR_UNBANKED0      udata   0x000f62       data   0x00009e



                              Program Memory Usage 
                               Start         End      
                           ---------   ---------      
                            0x000000    0x00234c      
                            0x00234e    0x00288f      
                            0x300000    0x300003      
                            0x300005    0x300006      
                            0x300008    0x30000d      
            10395 out of 33048 program addresses used, program memory utilization is 31%



                              Symbols - Sorted by Name
                     Name    Address   Location    Storage File                     
                ---------  ---------  ---------  --------- ---------                
                  BusyADC   0x00000e    program     extern C:\MCC18\src\pmc_common\ADC\adcbusy.c
                CDCInitEP   0x001e0c    program     extern C:\work\FREELANCE\USB\Microchip\Usb\CDC Device Driver\usb_function_cdc.c
             CDCTxService   0x001f6a    program     extern C:\work\FREELANCE\USB\Microchip\Usb\CDC Device Driver\usb_function_cdc.c
               ConvertADC   0x0027ae    program     extern C:\MCC18\src\pmc_common\ADC\adcconv.c
                    D10_1   0x002788    program     static C:\MCC18\src\traditional\delays\d10tcyx.asm
                     D10x   0x002780    program     static C:\MCC18\src\traditional\delays\d10tcyx.asm
                    D1K_1   0x00272c    program     static C:\MCC18\src\traditional\delays\d1ktcyx.asm
                     D1Kx   0x00272a    program     static C:\MCC18\src\traditional\delays\d1ktcyx.asm
                   D2424S   0x002136    program     static C:\MCC18\src\traditional\math\fxd2424s.asm
                D2424SNEG   0x002144    program     static C:\MCC18\src\traditional\math\fxd2424s.asm
                 D2424SOK   0x002140    program     static C:\MCC18\src\traditional\math\fxd2424s.asm
                  D2424SX   0x00215c    program     static C:\MCC18\src\traditional\math\fxd2424s.asm
                  DA2424S   0x002122    program     static C:\MCC18\src\traditional\math\fxd2424s.asm
              Delay10TCYx   0x002778    program     extern C:\MCC18\src\traditional\delays\d10tcyx.asm
                Delay10us   0x000ccc    program     extern C:\work\FREELANCE\USB\USB Device - HID - Keyboard\fw_4550\Keyboard.c
              Delay1KTCYx   0x002720    program     extern C:\MCC18\src\traditional\delays\d1ktcyx.asm
                 FXD1616U   0x0026f4    program     extern C:\MCC18\src\traditional\math\fxd1616u.c
                 FXD2424S   0x00210c    program     extern C:\MCC18\src\traditional\math\fxd2424s.asm
                 FXD2424U   0x00265c    program     extern C:\MCC18\src\traditional\math\fxd2424u.c
                 FXD3232U   0x002614    program     extern C:\MCC18\src\traditional\math\fxd3232u.c
                 FXM1616U   0x002166    program     extern C:\MCC18\src\traditional\math\fxm1616u.asm
                 FXM2424U   0x0021a2    program     extern C:\MCC18\src\traditional\math\fxm2424u.asm
      HIDGetReportHandler   0x002424    program     extern C:\work\FREELANCE\USB\Microchip\USB\HID Device Driver\usb_function_hid.c
                HIDInitEP   0x002428    program     extern C:\work\FREELANCE\USB\Microchip\USB\HID Device Driver\usb_function_hid.c
      HIDSetReportHandler   0x002426    program     extern C:\work\FREELANCE\USB\Microchip\USB\HID Device Driver\usb_function_hid.c
         InitializeSystem   0x00095a    program     static C:\work\FREELANCE\USB\USB Device - HID - Keyboard\fw_4550\Keyboard.c
                 Keyboard   0x000b08    program     extern C:\work\FREELANCE\USB\USB Device - HID - Keyboard\fw_4550\Keyboard.c
                  OpenADC   0x002542    program     extern C:\MCC18\src\pmc_common\ADC\adcopen.c
                  OpenSPI   0x0025b0    program     extern C:\MCC18\src\pmc_common\SPI\spi_open.c
                ProcessIO   0x0009ca    program     extern C:\work\FREELANCE\USB\USB Device - HID - Keyboard\fw_4550\Keyboard.c
                  ReadADC   0x00278e    program     extern C:\MCC18\src\pmc_common\ADC\adcread.c
            ReadADCSample   0x000d04    program     extern C:\work\FREELANCE\USB\USB Device - HID - Keyboard\fw_4550\Keyboard.c
                ReadSpeed   0x000e8e    program     extern C:\work\FREELANCE\USB\USB Device - HID - Keyboard\fw_4550\Keyboard.c
               ReadVolume   0x000e8a    program     extern C:\work\FREELANCE\USB\USB Device - HID - Keyboard\fw_4550\Keyboard.c
        Remapped_High_ISR   0x000008    program     extern C:\work\FREELANCE\USB\USB Device - HID - Keyboard\fw_4550\Keyboard.c
         Remapped_Low_ISR   0x000018    program     extern C:\work\FREELANCE\USB\USB Device - HID - Keyboard\fw_4550\Keyboard.c
               SetChanADC   0x0026c6    program     extern C:\MCC18\src\pmc_common\ADC\adcsetch.c
               SetVoltage   0x000ea4    program     extern C:\work\FREELANCE\USB\USB Device - HID - Keyboard\fw_4550\Keyboard.c
         SwitchDIsPressed   0x000c4e    program     extern C:\work\FREELANCE\USB\USB Device - HID - Keyboard\fw_4550\Keyboard.c
         SwitchEIsPressed   0x000c6c    program     extern C:\work\FREELANCE\USB\USB Device - HID - Keyboard\fw_4550\Keyboard.c
         SwitchLIsPressed   0x000ba2    program     extern C:\work\FREELANCE\USB\USB Device - HID - Keyboard\fw_4550\Keyboard.c
         SwitchPIsPressed   0x000c12    program     extern C:\work\FREELANCE\USB\USB Device - HID - Keyboard\fw_4550\Keyboard.c
         SwitchRIsPressed   0x000bb8    program     extern C:\work\FREELANCE\USB\USB Device - HID - Keyboard\fw_4550\Keyboard.c
         SwitchSIsPressed   0x000bf4    program     extern C:\work\FREELANCE\USB\USB Device - HID - Keyboard\fw_4550\Keyboard.c
         SwitchUIsPressed   0x000c30    program     extern C:\work\FREELANCE\USB\USB Device - HID - Keyboard\fw_4550\Keyboard.c
         SwitchXIsPressed   0x000bd6    program     extern C:\work\FREELANCE\USB\USB Device - HID - Keyboard\fw_4550\Keyboard.c
       USBCBCheckOtherReq   0x000c92    program     extern C:\work\FREELANCE\USB\USB Device - HID - Keyboard\fw_4550\Keyboard.c
        USBCBErrorHandler   0x000c90    program     extern C:\work\FREELANCE\USB\USB Device - HID - Keyboard\fw_4550\Keyboard.c
              USBCBInitEP   0x000c9c    program     extern C:\work\FREELANCE\USB\USB Device - HID - Keyboard\fw_4550\Keyboard.c
          USBCBSendResume   0x000cb0    program     extern C:\work\FREELANCE\USB\USB Device - HID - Keyboard\fw_4550\Keyboard.c
    USBCBStdSetDscHandler   0x000c9a    program     extern C:\work\FREELANCE\USB\USB Device - HID - Keyboard\fw_4550\Keyboard.c
             USBCBSuspend   0x000c8a    program     extern C:\work\FREELANCE\USB\USB Device - HID - Keyboard\fw_4550\Keyboard.c
     USBCBWakeFromSuspend   0x000c8c    program     extern C:\work\FREELANCE\USB\USB Device - HID - Keyboard\fw_4550\Keyboard.c
        USBCB_SOF_Handler   0x000c8e    program     extern C:\work\FREELANCE\USB\USB Device - HID - Keyboard\fw_4550\Keyboard.c
       USBCheckCDCRequest   0x001d70    program     extern C:\work\FREELANCE\USB\Microchip\Usb\CDC Device Driver\usb_function_cdc.c
       USBCheckHIDRequest   0x00234e    program     extern C:\work\FREELANCE\USB\Microchip\USB\HID Device Driver\usb_function_hid.c
       USBCheckStdRequest   0x0015d0    program     extern C:\work\FREELANCE\USB\Microchip\USB\usb_device.c
    USBClearInterruptFlag   0x001b80    program     extern C:\work\FREELANCE\USB\Microchip\USB\usb_device.c
     USBConfigureEndpoint   0x001a06    program     extern C:\work\FREELANCE\USB\Microchip\USB\usb_device.c
         USBCtrlEPService   0x001458    program     extern C:\work\FREELANCE\USB\Microchip\USB\usb_device.c
 USBCtrlEPServiceComplete   0x00180e    program     extern C:\work\FREELANCE\USB\Microchip\USB\usb_device.c
      USBCtrlTrfInHandler   0x0014ce    program     extern C:\work\FREELANCE\USB\Microchip\USB\usb_device.c
     USBCtrlTrfOutHandler   0x0014be    program     extern C:\work\FREELANCE\USB\Microchip\USB\usb_device.c
      USBCtrlTrfRxService   0x001922    program     extern C:\work\FREELANCE\USB\Microchip\USB\usb_device.c
   USBCtrlTrfSetupHandler   0x00149c    program     extern C:\work\FREELANCE\USB\Microchip\USB\usb_device.c
      USBCtrlTrfTxService   0x00187e    program     extern C:\work\FREELANCE\USB\Microchip\USB\usb_device.c
            USBDeviceInit   0x0012ca    program     extern C:\work\FREELANCE\USB\Microchip\USB\usb_device.c
           USBDeviceTasks   0x001338    program     extern C:\work\FREELANCE\USB\Microchip\USB\usb_device.c
        USBEnableEndpoint   0x001a78    program     extern C:\work\FREELANCE\USB\Microchip\USB\usb_device.c
USBPrepareForNextSetupTrf   0x001524    program     extern C:\work\FREELANCE\USB\Microchip\USB\usb_device.c
         USBStallEndpoint   0x001ac2    program     extern C:\work\FREELANCE\USB\Microchip\USB\usb_device.c
          USBStallHandler   0x001414    program     extern C:\work\FREELANCE\USB\Microchip\USB\usb_device.c
  USBStdFeatureReqHandler   0x001674    program     extern C:\work\FREELANCE\USB\Microchip\USB\usb_device.c
      USBStdGetDscHandler   0x00172e    program     extern C:\work\FREELANCE\USB\Microchip\USB\usb_device.c
   USBStdGetStatusHandler   0x0017a4    program     extern C:\work\FREELANCE\USB\Microchip\USB\usb_device.c
      USBStdSetCfgHandler   0x0019d4    program     extern C:\work\FREELANCE\USB\Microchip\USB\usb_device.c
               USBSuspend   0x001438    program     extern C:\work\FREELANCE\USB\Microchip\USB\usb_device.c
     USBTransferOnePacket   0x001b10    program     extern C:\work\FREELANCE\USB\Microchip\USB\usb_device.c
       USBWakeFromSuspend   0x001444    program     extern C:\work\FREELANCE\USB\Microchip\USB\usb_device.c
               USB_CD_Ptr   0x002345    program     extern C:\work\FREELANCE\USB\USB Device - HID - Keyboard\fw_4550\usb_descriptors.c
               USB_SD_Ptr   0x002347    program     extern C:\work\FREELANCE\USB\USB Device - HID - Keyboard\fw_4550\usb_descriptors.c
                 UserInit   0x000966    program     extern C:\work\FREELANCE\USB\USB Device - HID - Keyboard\fw_4550\Keyboard.c
                 WriteSPI   0x002696    program     extern C:\MCC18\src\pmc_common\SPI\spi_writ.c
  YourHighPriorityISRCode   0x00002c    program     extern C:\work\FREELANCE\USB\USB Device - HID - Keyboard\fw_4550\Keyboard.c
   YourLowPriorityISRCode   0x000032    program     extern C:\work\FREELANCE\USB\USB Device - HID - Keyboard\fw_4550\Keyboard.c
              _2jContinue   0x00252e    program     static C:\MCC18\src\traditional\stdclib\memset.asm
              _3jContinue   0x0024fa    program     static C:\MCC18\src\traditional\stdclib\mcpyp2r.asm
                   _3jEnd   0x002538    program     static C:\MCC18\src\traditional\stdclib\memset.asm
                   _4jEnd   0x002504    program     static C:\MCC18\src\traditional\stdclib\mcpyp2r.asm
        _D10TCYXCODE_000A   0x002782    program     static C:\MCC18\src\traditional\delays\d10tcyx.asm
        _D10TCYXCODE_000C   0x002784    program     static C:\MCC18\src\traditional\delays\d10tcyx.asm
        _D10TCYXCODE_000E   0x002786    program     static C:\MCC18\src\traditional\delays\d10tcyx.asm
        _D1KTCYXCODE_0010   0x002730    program     static C:\MCC18\src\traditional\delays\d1ktcyx.asm
        _D1KTCYXCODE_0016   0x002736    program     static C:\MCC18\src\traditional\delays\d1ktcyx.asm
          ___for_lbl00013   0x0001ec    program     static                          
          ___for_lbl00014   0x0001f0    program     static                          
          ___for_lbl00016   0x00018a    program     static                          
           ___if_lbl00015   0x0001ec    program     static                          
       ___return_lbl00000   0x00000c    program     static                          
       ___return_lbl00000   0x00265a    program     static                          
       ___return_lbl00000   0x00271e    program     static                          
       ___return_lbl00000   0x002694    program     static                          
       ___return_lbl00000   0x000004    program     static                          
       ___return_lbl00001   0x00001c    program     static                          
       ___return_lbl00001   0x00275a    program     static                          
       ___return_lbl00002   0x0024c6    program     static                          
       ___return_lbl00012   0x0001f0    program     static                          
               __config_0   0x300000    program     static C:\work\FREELANCE\USB\USB Device - HID - Keyboard\fw_4550\Keyboard.c
               __config_1   0x300001    program     static C:\work\FREELANCE\USB\USB Device - HID - Keyboard\fw_4550\Keyboard.c
              __config_10   0x30000c    program     static C:\work\FREELANCE\USB\USB Device - HID - Keyboard\fw_4550\Keyboard.c
              __config_11   0x30000d    program     static C:\work\FREELANCE\USB\USB Device - HID - Keyboard\fw_4550\Keyboard.c
               __config_2   0x300002    program     static C:\work\FREELANCE\USB\USB Device - HID - Keyboard\fw_4550\Keyboard.c
               __config_3   0x300003    program     static C:\work\FREELANCE\USB\USB Device - HID - Keyboard\fw_4550\Keyboard.c
               __config_4   0x300005    program     static C:\work\FREELANCE\USB\USB Device - HID - Keyboard\fw_4550\Keyboard.c
               __config_5   0x300006    program     static C:\work\FREELANCE\USB\USB Device - HID - Keyboard\fw_4550\Keyboard.c
               __config_6   0x300008    program     static C:\work\FREELANCE\USB\USB Device - HID - Keyboard\fw_4550\Keyboard.c
               __config_7   0x300009    program     static C:\work\FREELANCE\USB\USB Device - HID - Keyboard\fw_4550\Keyboard.c
               __config_8   0x30000a    program     static C:\work\FREELANCE\USB\USB Device - HID - Keyboard\fw_4550\Keyboard.c
               __config_9   0x30000b    program     static C:\work\FREELANCE\USB\USB Device - HID - Keyboard\fw_4550\Keyboard.c
                   __init   0x000006    program     extern C:\MCC18\src\traditional\stdclib\__init.c
                   __pa_0   0x001baa    program     static C:\work\FREELANCE\USB\Microchip\USB\usb_device.c
                   __pa_0   0x002056    program     static C:\work\FREELANCE\USB\Microchip\Usb\CDC Device Driver\usb_function_cdc.c
                   __pa_0   0x000ef8    program     static C:\work\FREELANCE\USB\USB Device - HID - Keyboard\fw_4550\Keyboard.c
                   __pa_1   0x001bb8    program     static C:\work\FREELANCE\USB\Microchip\USB\usb_device.c
                   __pa_1   0x000f16    program     static C:\work\FREELANCE\USB\USB Device - HID - Keyboard\fw_4550\Keyboard.c
                   __pa_1   0x002068    program     static C:\work\FREELANCE\USB\Microchip\Usb\CDC Device Driver\usb_function_cdc.c
                  __pa_10   0x001030    program     static C:\work\FREELANCE\USB\USB Device - HID - Keyboard\fw_4550\Keyboard.c
                  __pa_10   0x002100    program     static C:\work\FREELANCE\USB\Microchip\Usb\CDC Device Driver\usb_function_cdc.c
                  __pa_10   0x001c2c    program     static C:\work\FREELANCE\USB\Microchip\USB\usb_device.c
                  __pa_11   0x001c3e    program     static C:\work\FREELANCE\USB\Microchip\USB\usb_device.c
                  __pa_11   0x001042    program     static C:\work\FREELANCE\USB\USB Device - HID - Keyboard\fw_4550\Keyboard.c
                  __pa_12   0x001c5a    program     static C:\work\FREELANCE\USB\Microchip\USB\usb_device.c
                  __pa_12   0x001052    program     static C:\work\FREELANCE\USB\USB Device - HID - Keyboard\fw_4550\Keyboard.c
                  __pa_13   0x001c64    program     static C:\work\FREELANCE\USB\Microchip\USB\usb_device.c
                  __pa_13   0x001084    program     static C:\work\FREELANCE\USB\USB Device - HID - Keyboard\fw_4550\Keyboard.c
                  __pa_14   0x001c6a    program     static C:\work\FREELANCE\USB\Microchip\USB\usb_device.c
                  __pa_14   0x001090    program     static C:\work\FREELANCE\USB\USB Device - HID - Keyboard\fw_4550\Keyboard.c
                  __pa_15   0x001098    program     static C:\work\FREELANCE\USB\USB Device - HID - Keyboard\fw_4550\Keyboard.c
                  __pa_15   0x001c6e    program     static C:\work\FREELANCE\USB\Microchip\USB\usb_device.c
                  __pa_16   0x0010ca    program     static C:\work\FREELANCE\USB\USB Device - HID - Keyboard\fw_4550\Keyboard.c
                  __pa_16   0x001c7e    program     static C:\work\FREELANCE\USB\Microchip\USB\usb_device.c
                  __pa_17   0x0010d8    program     static C:\work\FREELANCE\USB\USB Device - HID - Keyboard\fw_4550\Keyboard.c
                  __pa_17   0x001c8e    program     static C:\work\FREELANCE\USB\Microchip\USB\usb_device.c
                  __pa_18   0x0010e4    program     static C:\work\FREELANCE\USB\USB Device - HID - Keyboard\fw_4550\Keyboard.c
                  __pa_18   0x001c9e    program     static C:\work\FREELANCE\USB\Microchip\USB\usb_device.c
                  __pa_19   0x0010f0    program     static C:\work\FREELANCE\USB\USB Device - HID - Keyboard\fw_4550\Keyboard.c
                  __pa_19   0x001cae    program     static C:\work\FREELANCE\USB\Microchip\USB\usb_device.c
                   __pa_2   0x000f2c    program     static C:\work\FREELANCE\USB\USB Device - HID - Keyboard\fw_4550\Keyboard.c
                   __pa_2   0x001bcc    program     static C:\work\FREELANCE\USB\Microchip\USB\usb_device.c
                   __pa_2   0x002084    program     static C:\work\FREELANCE\USB\Microchip\Usb\CDC Device Driver\usb_function_cdc.c
                  __pa_20   0x001cbc    program     static C:\work\FREELANCE\USB\Microchip\USB\usb_device.c
                  __pa_20   0x0010fa    program     static C:\work\FREELANCE\USB\USB Device - HID - Keyboard\fw_4550\Keyboard.c
                  __pa_21   0x001110    program     static C:\work\FREELANCE\USB\USB Device - HID - Keyboard\fw_4550\Keyboard.c
                  __pa_21   0x001cca    program     static C:\work\FREELANCE\USB\Microchip\USB\usb_device.c
                  __pa_22   0x001126    program     static C:\work\FREELANCE\USB\USB Device - HID - Keyboard\fw_4550\Keyboard.c
                  __pa_22   0x001cd2    program     static C:\work\FREELANCE\USB\Microchip\USB\usb_device.c
                  __pa_23   0x00113c    program     static C:\work\FREELANCE\USB\USB Device - HID - Keyboard\fw_4550\Keyboard.c
                  __pa_23   0x001cdc    program     static C:\work\FREELANCE\USB\Microchip\USB\usb_device.c
                  __pa_24   0x001ce8    program     static C:\work\FREELANCE\USB\Microchip\USB\usb_device.c
                  __pa_24   0x00114a    program     static C:\work\FREELANCE\USB\USB Device - HID - Keyboard\fw_4550\Keyboard.c
                  __pa_25   0x001cf4    program     static C:\work\FREELANCE\USB\Microchip\USB\usb_device.c
                  __pa_25   0x001154    program     static C:\work\FREELANCE\USB\USB Device - HID - Keyboard\fw_4550\Keyboard.c
                  __pa_26   0x001cfe    program     static C:\work\FREELANCE\USB\Microchip\USB\usb_device.c
                  __pa_26   0x00115c    program     static C:\work\FREELANCE\USB\USB Device - HID - Keyboard\fw_4550\Keyboard.c
                  __pa_27   0x001d06    program     static C:\work\FREELANCE\USB\Microchip\USB\usb_device.c
                  __pa_27   0x001162    program     static C:\work\FREELANCE\USB\USB Device - HID - Keyboard\fw_4550\Keyboard.c
                  __pa_28   0x001d10    program     static C:\work\FREELANCE\USB\Microchip\USB\usb_device.c
                  __pa_28   0x001174    program     static C:\work\FREELANCE\USB\USB Device - HID - Keyboard\fw_4550\Keyboard.c
                  __pa_29   0x001d1a    program     static C:\work\FREELANCE\USB\Microchip\USB\usb_device.c
                  __pa_29   0x00117c    program     static C:\work\FREELANCE\USB\USB Device - HID - Keyboard\fw_4550\Keyboard.c
                   __pa_3   0x001bd6    program     static C:\work\FREELANCE\USB\Microchip\USB\usb_device.c
                   __pa_3   0x00209e    program     static C:\work\FREELANCE\USB\Microchip\Usb\CDC Device Driver\usb_function_cdc.c
                   __pa_3   0x000f78    program     static C:\work\FREELANCE\USB\USB Device - HID - Keyboard\fw_4550\Keyboard.c
                  __pa_30   0x001d28    program     static C:\work\FREELANCE\USB\Microchip\USB\usb_device.c
                  __pa_30   0x00118a    program     static C:\work\FREELANCE\USB\USB Device - HID - Keyboard\fw_4550\Keyboard.c
                  __pa_31   0x001d38    program     static C:\work\FREELANCE\USB\Microchip\USB\usb_device.c
                  __pa_31   0x001198    program     static C:\work\FREELANCE\USB\USB Device - HID - Keyboard\fw_4550\Keyboard.c
                  __pa_32   0x001d3e    program     static C:\work\FREELANCE\USB\Microchip\USB\usb_device.c
                  __pa_32   0x0011a6    program     static C:\work\FREELANCE\USB\USB Device - HID - Keyboard\fw_4550\Keyboard.c
                  __pa_33   0x0011be    program     static C:\work\FREELANCE\USB\USB Device - HID - Keyboard\fw_4550\Keyboard.c
                  __pa_33   0x001d48    program     static C:\work\FREELANCE\USB\Microchip\USB\usb_device.c
                  __pa_34   0x0011d4    program     static C:\work\FREELANCE\USB\USB Device - HID - Keyboard\fw_4550\Keyboard.c
                  __pa_34   0x001d50    program     static C:\work\FREELANCE\USB\Microchip\USB\usb_device.c
                  __pa_35   0x0011e2    program     static C:\work\FREELANCE\USB\USB Device - HID - Keyboard\fw_4550\Keyboard.c
                  __pa_35   0x001d66    program     static C:\work\FREELANCE\USB\Microchip\USB\usb_device.c
                  __pa_36   0x0011f0    program     static C:\work\FREELANCE\USB\USB Device - HID - Keyboard\fw_4550\Keyboard.c
                  __pa_37   0x0011fe    program     static C:\work\FREELANCE\USB\USB Device - HID - Keyboard\fw_4550\Keyboard.c
                  __pa_38   0x00120a    program     static C:\work\FREELANCE\USB\USB Device - HID - Keyboard\fw_4550\Keyboard.c
                  __pa_39   0x00121c    program     static C:\work\FREELANCE\USB\USB Device - HID - Keyboard\fw_4550\Keyboard.c
                   __pa_4   0x001bde    program     static C:\work\FREELANCE\USB\Microchip\USB\usb_device.c
                   __pa_4   0x0020ac    program     static C:\work\FREELANCE\USB\Microchip\Usb\CDC Device Driver\usb_function_cdc.c
                   __pa_4   0x000f92    program     static C:\work\FREELANCE\USB\USB Device - HID - Keyboard\fw_4550\Keyboard.c
                  __pa_40   0x00122e    program     static C:\work\FREELANCE\USB\USB Device - HID - Keyboard\fw_4550\Keyboard.c
                  __pa_41   0x001246    program     static C:\work\FREELANCE\USB\USB Device - HID - Keyboard\fw_4550\Keyboard.c
                  __pa_42   0x001254    program     static C:\work\FREELANCE\USB\USB Device - HID - Keyboard\fw_4550\Keyboard.c
                  __pa_43   0x001264    program     static C:\work\FREELANCE\USB\USB Device - HID - Keyboard\fw_4550\Keyboard.c
                  __pa_44   0x001274    program     static C:\work\FREELANCE\USB\USB Device - HID - Keyboard\fw_4550\Keyboard.c
                  __pa_45   0x00127a    program     static C:\work\FREELANCE\USB\USB Device - HID - Keyboard\fw_4550\Keyboard.c
                  __pa_46   0x001280    program     static C:\work\FREELANCE\USB\USB Device - HID - Keyboard\fw_4550\Keyboard.c
                  __pa_47   0x001296    program     static C:\work\FREELANCE\USB\USB Device - HID - Keyboard\fw_4550\Keyboard.c
                  __pa_48   0x0012a4    program     static C:\work\FREELANCE\USB\USB Device - HID - Keyboard\fw_4550\Keyboard.c
                  __pa_49   0x0012b2    program     static C:\work\FREELANCE\USB\USB Device - HID - Keyboard\fw_4550\Keyboard.c
                   __pa_5   0x0020b6    program     static C:\work\FREELANCE\USB\Microchip\Usb\CDC Device Driver\usb_function_cdc.c
                   __pa_5   0x001be2    program     static C:\work\FREELANCE\USB\Microchip\USB\usb_device.c
                   __pa_5   0x000fdc    program     static C:\work\FREELANCE\USB\USB Device - HID - Keyboard\fw_4550\Keyboard.c
                  __pa_50   0x0012c0    program     static C:\work\FREELANCE\USB\USB Device - HID - Keyboard\fw_4550\Keyboard.c
                   __pa_6   0x001bec    program     static C:\work\FREELANCE\USB\Microchip\USB\usb_device.c
                   __pa_6   0x0020be    program     static C:\work\FREELANCE\USB\Microchip\Usb\CDC Device Driver\usb_function_cdc.c
                   __pa_6   0x000fe8    program     static C:\work\FREELANCE\USB\USB Device - HID - Keyboard\fw_4550\Keyboard.c
                   __pa_7   0x0020cc    program     static C:\work\FREELANCE\USB\Microchip\Usb\CDC Device Driver\usb_function_cdc.c
                   __pa_7   0x000ffa    program     static C:\work\FREELANCE\USB\USB Device - HID - Keyboard\fw_4550\Keyboard.c
                   __pa_7   0x001bfa    program     static C:\work\FREELANCE\USB\Microchip\USB\usb_device.c
                   __pa_8   0x001c06    program     static C:\work\FREELANCE\USB\Microchip\USB\usb_device.c
                   __pa_8   0x0020d6    program     static C:\work\FREELANCE\USB\Microchip\Usb\CDC Device Driver\usb_function_cdc.c
                   __pa_8   0x00100c    program     static C:\work\FREELANCE\USB\USB Device - HID - Keyboard\fw_4550\Keyboard.c
                   __pa_9   0x001c10    program     static C:\work\FREELANCE\USB\Microchip\USB\usb_device.c
                   __pa_9   0x0020f0    program     static C:\work\FREELANCE\USB\Microchip\Usb\CDC Device Driver\usb_function_cdc.c
                   __pa_9   0x00101e    program     static C:\work\FREELANCE\USB\USB Device - HID - Keyboard\fw_4550\Keyboard.c
               __string_0   0x002773    program     static C:\work\FREELANCE\USB\USB Device - HID - Keyboard\fw_4550\Keyboard.c
               __string_1   0x00275c    program     static C:\work\FREELANCE\USB\USB Device - HID - Keyboard\fw_4550\Keyboard.c
              __tmplbl_25   0x001c6a    program     static                          
              __tmplbl_31   0x001c6a    program     static                          
              __tmplbl_77   0x001084    program     static                          
              __tmplbl_79   0x001084    program     static                          
            __zero_memory   0x0027a0    program     extern C:\MCC18\src\traditional\proc\p18F4550.asm
                _do_cinit   0x00242a    program     extern C:\MCC18\src\traditional\startup\c018i.c
                   _entry   0x000000    program     extern C:\MCC18\src\traditional\startup\c018i.c
                   _false   0x002656    program     static                          
                   _false   0x002690    program     static                          
                 _startup   0x002740    program     extern C:\MCC18\src\traditional\startup\c018i.c
                clear_DAC   0x000e92    program     extern C:\work\FREELANCE\USB\USB Device - HID - Keyboard\fw_4550\Keyboard.c
               clear_loop   0x0027a6    program     static C:\MCC18\src\traditional\proc\p18F4550.asm
        configDescriptor1   0x002246    program     extern C:\work\FREELANCE\USB\USB Device - HID - Keyboard\fw_4550\usb_descriptors.c
                copy_loop   0x00249c    program     static                          
            copy_one_byte   0x0024a2    program     static                          
                 delay_ms   0x000ce8    program     extern C:\work\FREELANCE\USB\USB Device - HID - Keyboard\fw_4550\Keyboard.c
               device_dsc   0x002234    program     extern C:\work\FREELANCE\USB\USB Device - HID - Keyboard\fw_4550\usb_descriptors.c
                     done   0x0024c6    program     static                          
             done_copying   0x0024b0    program     static                          
                  endloop   0x00271a    program     static                          
             getsUSBUSART   0x001e52    program     extern C:\work\FREELANCE\USB\Microchip\Usb\CDC Device Driver\usb_function_cdc.c
                hid_rpt01   0x002306    program     extern C:\work\FREELANCE\USB\USB Device - HID - Keyboard\fw_4550\usb_descriptors.c
                     jEnd   0x00250c    program     static C:\MCC18\src\traditional\stdclib\mcpyp2r.asm
                     jEnd   0x002540    program     static C:\MCC18\src\traditional\stdclib\memset.asm
                    jLoop   0x002522    program     static C:\MCC18\src\traditional\stdclib\memset.asm
                    jLoop   0x0024ee    program     static C:\MCC18\src\traditional\stdclib\mcpyp2r.asm
                     loop   0x002622    program     static                          
                     loop   0x0026fe    program     static                          
                     loop   0x002750    program     static                          
                     loop   0x002668    program     static                          
                     main   0x00004c    program     extern C:\work\FREELANCE\USB\USB Device - HID - Keyboard\fw_4550\Keyboard.c
            memcpypgm2ram   0x0024c8    program     extern C:\MCC18\src\traditional\stdclib\mcpyp2r.asm
          memcpyram2flash   0x000156    program     extern C:\work\FREELANCE\USB\USB Device - HID - Keyboard\fw_4550\Keyboard.c
                   memset   0x00250e    program     extern C:\MCC18\src\traditional\stdclib\memset.asm
             parseConsole   0x0003d2    program     extern C:\work\FREELANCE\USB\USB Device - HID - Keyboard\fw_4550\Keyboard.c
              putUSBUSART   0x001ed0    program     extern C:\work\FREELANCE\USB\Microchip\Usb\CDC Device Driver\usb_function_cdc.c
            putrsUSBUSART   0x001f28    program     extern C:\work\FREELANCE\USB\Microchip\Usb\CDC Device Driver\usb_function_cdc.c
             putsUSBUSART   0x001ee8    program     extern C:\work\FREELANCE\USB\Microchip\Usb\CDC Device Driver\usb_function_cdc.c
                  rdSpeed   0x0002e6    program     extern C:\work\FREELANCE\USB\USB Device - HID - Keyboard\fw_4550\Keyboard.c
                    rdVol   0x0001fa    program     extern C:\work\FREELANCE\USB\USB Device - HID - Keyboard\fw_4550\Keyboard.c
                    sd000   0x0022a0    program     extern C:\work\FREELANCE\USB\USB Device - HID - Keyboard\fw_4550\usb_descriptors.c
                    sd001   0x0022a4    program     extern C:\work\FREELANCE\USB\USB Device - HID - Keyboard\fw_4550\usb_descriptors.c
                    sd002   0x0022d8    program     extern C:\work\FREELANCE\USB\USB Device - HID - Keyboard\fw_4550\usb_descriptors.c
                     test   0x002444    program     static                          
                   ADCON0   0x000fc2       data     extern C:\MCC18\src\traditional\proc\p18F4550.asm
               ADCON0bits   0x000fc2       data     extern C:\MCC18\src\traditional\proc\p18F4550.asm
                   ADCON1   0x000fc1       data     extern C:\MCC18\src\traditional\proc\p18F4550.asm
               ADCON1bits   0x000fc1       data     extern C:\MCC18\src\traditional\proc\p18F4550.asm
                   ADCON2   0x000fc0       data     extern C:\MCC18\src\traditional\proc\p18F4550.asm
               ADCON2bits   0x000fc0       data     extern C:\MCC18\src\traditional\proc\p18F4550.asm
                    ADRES   0x000fc3       data     extern C:\MCC18\src\traditional\proc\p18F4550.asm
                   ADRESH   0x000fc4       data     extern C:\MCC18\src\traditional\proc\p18F4550.asm
                   ADRESL   0x000fc3       data     extern C:\MCC18\src\traditional\proc\p18F4550.asm
                  BAUDCON   0x000fb8       data     extern C:\MCC18\src\traditional\proc\p18F4550.asm
              BAUDCONbits   0x000fb8       data     extern C:\MCC18\src\traditional\proc\p18F4550.asm
                      BDT   0x000400       data     extern C:\work\FREELANCE\USB\Microchip\USB\usb_device.c
                      BSR   0x000fe0       data     extern C:\MCC18\src\traditional\proc\p18F4550.asm
              BaudRateGen   0x0002eb       data     extern C:\work\FREELANCE\USB\Microchip\Usb\CDC Device Driver\usb_function_cdc.c
                   CCP1AS   0x000fb6       data     extern C:\MCC18\src\traditional\proc\p18F4550.asm
               CCP1ASbits   0x000fb6       data     extern C:\MCC18\src\traditional\proc\p18F4550.asm
                  CCP1CON   0x000fbd       data     extern C:\MCC18\src\traditional\proc\p18F4550.asm
              CCP1CONbits   0x000fbd       data     extern C:\MCC18\src\traditional\proc\p18F4550.asm
                  CCP1DEL   0x000fb7       data     extern C:\MCC18\src\traditional\proc\p18F4550.asm
              CCP1DELbits   0x000fb7       data     extern C:\MCC18\src\traditional\proc\p18F4550.asm
                  CCP2CON   0x000fba       data     extern C:\MCC18\src\traditional\proc\p18F4550.asm
              CCP2CONbits   0x000fba       data     extern C:\MCC18\src\traditional\proc\p18F4550.asm
                    CCPR1   0x000fbe       data     extern C:\MCC18\src\traditional\proc\p18F4550.asm
                   CCPR1H   0x000fbf       data     extern C:\MCC18\src\traditional\proc\p18F4550.asm
                   CCPR1L   0x000fbe       data     extern C:\MCC18\src\traditional\proc\p18F4550.asm
                    CCPR2   0x000fbb       data     extern C:\MCC18\src\traditional\proc\p18F4550.asm
                   CCPR2H   0x000fbc       data     extern C:\MCC18\src\traditional\proc\p18F4550.asm
                   CCPR2L   0x000fbb       data     extern C:\MCC18\src\traditional\proc\p18F4550.asm
          CDCDataInHandle   0x0002e8       data     extern C:\work\FREELANCE\USB\Microchip\Usb\CDC Device Driver\usb_function_cdc.c
         CDCDataOutHandle   0x0002e6       data     extern C:\work\FREELANCE\USB\Microchip\Usb\CDC Device Driver\usb_function_cdc.c
                    CMCON   0x000fb4       data     extern C:\MCC18\src\traditional\proc\p18F4550.asm
                CMCONbits   0x000fb4       data     extern C:\MCC18\src\traditional\proc\p18F4550.asm
                   CVRCON   0x000fb5       data     extern C:\MCC18\src\traditional\proc\p18F4550.asm
               CVRCONbits   0x000fb5       data     extern C:\MCC18\src\traditional\proc\p18F4550.asm
              CtrlTrfData   0x000428       data     extern C:\work\FREELANCE\USB\Microchip\USB\usb_device.c
                     DDRA   0x000f92       data     extern C:\MCC18\src\traditional\proc\p18F4550.asm
                 DDRAbits   0x000f92       data     extern C:\MCC18\src\traditional\proc\p18F4550.asm
                     DDRB   0x000f93       data     extern C:\MCC18\src\traditional\proc\p18F4550.asm
                 DDRBbits   0x000f93       data     extern C:\MCC18\src\traditional\proc\p18F4550.asm
                     DDRC   0x000f94       data     extern C:\MCC18\src\traditional\proc\p18F4550.asm
                 DDRCbits   0x000f94       data     extern C:\MCC18\src\traditional\proc\p18F4550.asm
                     DDRD   0x000f95       data     extern C:\MCC18\src\traditional\proc\p18F4550.asm
                 DDRDbits   0x000f95       data     extern C:\MCC18\src\traditional\proc\p18F4550.asm
                     DDRE   0x000f96       data     extern C:\MCC18\src\traditional\proc\p18F4550.asm
                 DDREbits   0x000f96       data     extern C:\MCC18\src\traditional\proc\p18F4550.asm
            DelayCounter1   0x000024       data     extern C:\MCC18\src\traditional\delays\delayd1.asm
                  ECCP1AS   0x000fb6       data     extern C:\MCC18\src\traditional\proc\p18F4550.asm
              ECCP1ASbits   0x000fb6       data     extern C:\MCC18\src\traditional\proc\p18F4550.asm
                 ECCP1CON   0x000fbd       data     extern C:\MCC18\src\traditional\proc\p18F4550.asm
             ECCP1CONbits   0x000fbd       data     extern C:\MCC18\src\traditional\proc\p18F4550.asm
                 ECCP1DEL   0x000fb7       data     extern C:\MCC18\src\traditional\proc\p18F4550.asm
             ECCP1DELbits   0x000fb7       data     extern C:\MCC18\src\traditional\proc\p18F4550.asm
                    EEADR   0x000fa9       data     extern C:\MCC18\src\traditional\proc\p18F4550.asm
                   EECON1   0x000fa6       data     extern C:\MCC18\src\traditional\proc\p18F4550.asm
               EECON1bits   0x000fa6       data     extern C:\MCC18\src\traditional\proc\p18F4550.asm
                   EECON2   0x000fa7       data     extern C:\MCC18\src\traditional\proc\p18F4550.asm
                   EEDATA   0x000fa8       data     extern C:\MCC18\src\traditional\proc\p18F4550.asm
                     FSR0   0x000fe9       data     extern C:\MCC18\src\traditional\proc\p18F4550.asm
                    FSR0H   0x000fea       data     extern C:\MCC18\src\traditional\proc\p18F4550.asm
                    FSR0L   0x000fe9       data     extern C:\MCC18\src\traditional\proc\p18F4550.asm
                     FSR1   0x000fe1       data     extern C:\MCC18\src\traditional\proc\p18F4550.asm
                    FSR1H   0x000fe2       data     extern C:\MCC18\src\traditional\proc\p18F4550.asm
                    FSR1L   0x000fe1       data     extern C:\MCC18\src\traditional\proc\p18F4550.asm
                     FSR2   0x000fd9       data     extern C:\MCC18\src\traditional\proc\p18F4550.asm
                    FSR2H   0x000fda       data     extern C:\MCC18\src\traditional\proc\p18F4550.asm
                    FSR2L   0x000fd9       data     extern C:\MCC18\src\traditional\proc\p18F4550.asm
                  HLVDCON   0x000fd2       data     extern C:\MCC18\src\traditional\proc\p18F4550.asm
              HLVDCONbits   0x000fd2       data     extern C:\MCC18\src\traditional\proc\p18F4550.asm
                    INDF0   0x000fef       data     extern C:\MCC18\src\traditional\proc\p18F4550.asm
                    INDF1   0x000fe7       data     extern C:\MCC18\src\traditional\proc\p18F4550.asm
                    INDF2   0x000fdf       data     extern C:\MCC18\src\traditional\proc\p18F4550.asm
                   INTCON   0x000ff2       data     extern C:\MCC18\src\traditional\proc\p18F4550.asm
                  INTCON2   0x000ff1       data     extern C:\MCC18\src\traditional\proc\p18F4550.asm
              INTCON2bits   0x000ff1       data     extern C:\MCC18\src\traditional\proc\p18F4550.asm
                  INTCON3   0x000ff0       data     extern C:\MCC18\src\traditional\proc\p18F4550.asm
              INTCON3bits   0x000ff0       data     extern C:\MCC18\src\traditional\proc\p18F4550.asm
               INTCONbits   0x000ff2       data     extern C:\MCC18\src\traditional\proc\p18F4550.asm
                     IPR1   0x000f9f       data     extern C:\MCC18\src\traditional\proc\p18F4550.asm
                 IPR1bits   0x000f9f       data     extern C:\MCC18\src\traditional\proc\p18F4550.asm
                     IPR2   0x000fa2       data     extern C:\MCC18\src\traditional\proc\p18F4550.asm
                 IPR2bits   0x000fa2       data     extern C:\MCC18\src\traditional\proc\p18F4550.asm
              IncomingIdx   0x000202       data     extern C:\work\FREELANCE\USB\USB Device - HID - Keyboard\fw_4550\Keyboard.c
             Keyboard_out   0x00014b       data     extern C:\work\FREELANCE\USB\USB Device - HID - Keyboard\fw_4550\Keyboard.c
                     LATA   0x000f89       data     extern C:\MCC18\src\traditional\proc\p18F4550.asm
                 LATAbits   0x000f89       data     extern C:\MCC18\src\traditional\proc\p18F4550.asm
                     LATB   0x000f8a       data     extern C:\MCC18\src\traditional\proc\p18F4550.asm
                 LATBbits   0x000f8a       data     extern C:\MCC18\src\traditional\proc\p18F4550.asm
                     LATC   0x000f8b       data     extern C:\MCC18\src\traditional\proc\p18F4550.asm
                 LATCbits   0x000f8b       data     extern C:\MCC18\src\traditional\proc\p18F4550.asm
                     LATD   0x000f8c       data     extern C:\MCC18\src\traditional\proc\p18F4550.asm
                 LATDbits   0x000f8c       data     extern C:\MCC18\src\traditional\proc\p18F4550.asm
                     LATE   0x000f8d       data     extern C:\MCC18\src\traditional\proc\p18F4550.asm
                 LATEbits   0x000f8d       data     extern C:\MCC18\src\traditional\proc\p18F4550.asm
                   LVDCON   0x000fd2       data     extern C:\MCC18\src\traditional\proc\p18F4550.asm
               LVDCONbits   0x000fd2       data     extern C:\MCC18\src\traditional\proc\p18F4550.asm
                   OSCCON   0x000fd3       data     extern C:\MCC18\src\traditional\proc\p18F4550.asm
               OSCCONbits   0x000fd3       data     extern C:\MCC18\src\traditional\proc\p18F4550.asm
                  OSCTUNE   0x000f9b       data     extern C:\MCC18\src\traditional\proc\p18F4550.asm
              OSCTUNEbits   0x000f9b       data     extern C:\MCC18\src\traditional\proc\p18F4550.asm
                       PC   0x000ff9       data     extern C:\MCC18\src\traditional\proc\p18F4550.asm
                      PCL   0x000ff9       data     extern C:\MCC18\src\traditional\proc\p18F4550.asm
                   PCLATH   0x000ffa       data     extern C:\MCC18\src\traditional\proc\p18F4550.asm
                   PCLATU   0x000ffb       data     extern C:\MCC18\src\traditional\proc\p18F4550.asm
                     PIE1   0x000f9d       data     extern C:\MCC18\src\traditional\proc\p18F4550.asm
                 PIE1bits   0x000f9d       data     extern C:\MCC18\src\traditional\proc\p18F4550.asm
                     PIE2   0x000fa0       data     extern C:\MCC18\src\traditional\proc\p18F4550.asm
                 PIE2bits   0x000fa0       data     extern C:\MCC18\src\traditional\proc\p18F4550.asm
                     PIR1   0x000f9e       data     extern C:\MCC18\src\traditional\proc\p18F4550.asm
                 PIR1bits   0x000f9e       data     extern C:\MCC18\src\traditional\proc\p18F4550.asm
                     PIR2   0x000fa1       data     extern C:\MCC18\src\traditional\proc\p18F4550.asm
                 PIR2bits   0x000fa1       data     extern C:\MCC18\src\traditional\proc\p18F4550.asm
                   PLUSW0   0x000feb       data     extern C:\MCC18\src\traditional\proc\p18F4550.asm
                   PLUSW1   0x000fe3       data     extern C:\MCC18\src\traditional\proc\p18F4550.asm
                   PLUSW2   0x000fdb       data     extern C:\MCC18\src\traditional\proc\p18F4550.asm
                    PORTA   0x000f80       data     extern C:\MCC18\src\traditional\proc\p18F4550.asm
                PORTAbits   0x000f80       data     extern C:\MCC18\src\traditional\proc\p18F4550.asm
                    PORTB   0x000f81       data     extern C:\MCC18\src\traditional\proc\p18F4550.asm
                PORTBbits   0x000f81       data     extern C:\MCC18\src\traditional\proc\p18F4550.asm
                    PORTC   0x000f82       data     extern C:\MCC18\src\traditional\proc\p18F4550.asm
                PORTCbits   0x000f82       data     extern C:\MCC18\src\traditional\proc\p18F4550.asm
                    PORTD   0x000f83       data     extern C:\MCC18\src\traditional\proc\p18F4550.asm
                PORTDbits   0x000f83       data     extern C:\MCC18\src\traditional\proc\p18F4550.asm
                    PORTE   0x000f84       data     extern C:\MCC18\src\traditional\proc\p18F4550.asm
                PORTEbits   0x000f84       data     extern C:\MCC18\src\traditional\proc\p18F4550.asm
                 POSTDEC0   0x000fed       data     extern C:\MCC18\src\traditional\proc\p18F4550.asm
                 POSTDEC1   0x000fe5       data     extern C:\MCC18\src\traditional\proc\p18F4550.asm
                 POSTDEC2   0x000fdd       data     extern C:\MCC18\src\traditional\proc\p18F4550.asm
                 POSTINC0   0x000fee       data     extern C:\MCC18\src\traditional\proc\p18F4550.asm
                 POSTINC1   0x000fe6       data     extern C:\MCC18\src\traditional\proc\p18F4550.asm
                 POSTINC2   0x000fde       data     extern C:\MCC18\src\traditional\proc\p18F4550.asm
                      PR2   0x000fcb       data     extern C:\MCC18\src\traditional\proc\p18F4550.asm
                  PREINC0   0x000fec       data     extern C:\MCC18\src\traditional\proc\p18F4550.asm
                  PREINC1   0x000fe4       data     extern C:\MCC18\src\traditional\proc\p18F4550.asm
                  PREINC2   0x000fdc       data     extern C:\MCC18\src\traditional\proc\p18F4550.asm
                     PROD   0x000ff3       data     extern C:\MCC18\src\traditional\proc\p18F4550.asm
                    PRODH   0x000ff4       data     extern C:\MCC18\src\traditional\proc\p18F4550.asm
                    PRODL   0x000ff3       data     extern C:\MCC18\src\traditional\proc\p18F4550.asm
                     RCON   0x000fd0       data     extern C:\MCC18\src\traditional\proc\p18F4550.asm
                 RCONbits   0x000fd0       data     extern C:\MCC18\src\traditional\proc\p18F4550.asm
                    RCREG   0x000fae       data     extern C:\MCC18\src\traditional\proc\p18F4550.asm
                    RCSTA   0x000fab       data     extern C:\MCC18\src\traditional\proc\p18F4550.asm
                RCSTAbits   0x000fab       data     extern C:\MCC18\src\traditional\proc\p18F4550.asm
                  ReadIdx   0x000204       data     extern C:\work\FREELANCE\USB\USB Device - HID - Keyboard\fw_4550\Keyboard.c
             RemoteWakeup   0x000087       data     extern C:\work\FREELANCE\USB\Microchip\USB\usb_device.c
                     SIGN   0x000000       data     extern C:\MCC18\src\traditional\math\cmath18.asm
                    SPBRG   0x000faf       data     extern C:\MCC18\src\traditional\proc\p18F4550.asm
                   SPBRGH   0x000fb0       data     extern C:\MCC18\src\traditional\proc\p18F4550.asm
                   SPPCFG   0x000f63       data     extern C:\MCC18\src\traditional\proc\p18F4550.asm
               SPPCFGbits   0x000f63       data     extern C:\MCC18\src\traditional\proc\p18F4550.asm
                   SPPCON   0x000f65       data     extern C:\MCC18\src\traditional\proc\p18F4550.asm
               SPPCONbits   0x000f65       data     extern C:\MCC18\src\traditional\proc\p18F4550.asm
                  SPPDATA   0x000f62       data     extern C:\MCC18\src\traditional\proc\p18F4550.asm
                   SPPEPS   0x000f64       data     extern C:\MCC18\src\traditional\proc\p18F4550.asm
               SPPEPSbits   0x000f64       data     extern C:\MCC18\src\traditional\proc\p18F4550.asm
                   SSPADD   0x000fc8       data     extern C:\MCC18\src\traditional\proc\p18F4550.asm
                   SSPBUF   0x000fc9       data     extern C:\MCC18\src\traditional\proc\p18F4550.asm
                  SSPCON1   0x000fc6       data     extern C:\MCC18\src\traditional\proc\p18F4550.asm
              SSPCON1bits   0x000fc6       data     extern C:\MCC18\src\traditional\proc\p18F4550.asm
                  SSPCON2   0x000fc5       data     extern C:\MCC18\src\traditional\proc\p18F4550.asm
              SSPCON2bits   0x000fc5       data     extern C:\MCC18\src\traditional\proc\p18F4550.asm
                  SSPSTAT   0x000fc7       data     extern C:\MCC18\src\traditional\proc\p18F4550.asm
              SSPSTATbits   0x000fc7       data     extern C:\MCC18\src\traditional\proc\p18F4550.asm
                   STATUS   0x000fd8       data     extern C:\MCC18\src\traditional\proc\p18F4550.asm
               STATUSbits   0x000fd8       data     extern C:\MCC18\src\traditional\proc\p18F4550.asm
                   STKPTR   0x000ffc       data     extern C:\MCC18\src\traditional\proc\p18F4550.asm
               STKPTRbits   0x000ffc       data     extern C:\MCC18\src\traditional\proc\p18F4550.asm
                 SetupPkt   0x000420       data     extern C:\work\FREELANCE\USB\Microchip\USB\usb_device.c
                    T0CON   0x000fd5       data     extern C:\MCC18\src\traditional\proc\p18F4550.asm
                T0CONbits   0x000fd5       data     extern C:\MCC18\src\traditional\proc\p18F4550.asm
                    T1CON   0x000fcd       data     extern C:\MCC18\src\traditional\proc\p18F4550.asm
                T1CONbits   0x000fcd       data     extern C:\MCC18\src\traditional\proc\p18F4550.asm
                    T2CON   0x000fca       data     extern C:\MCC18\src\traditional\proc\p18F4550.asm
                T2CONbits   0x000fca       data     extern C:\MCC18\src\traditional\proc\p18F4550.asm
                    T3CON   0x000fb1       data     extern C:\MCC18\src\traditional\proc\p18F4550.asm
                T3CONbits   0x000fb1       data     extern C:\MCC18\src\traditional\proc\p18F4550.asm
                   TABLAT   0x000ff5       data     extern C:\MCC18\src\traditional\proc\p18F4550.asm
                   TBLPTR   0x000ff6       data     extern C:\MCC18\src\traditional\proc\p18F4550.asm
                  TBLPTRH   0x000ff7       data     extern C:\MCC18\src\traditional\proc\p18F4550.asm
                  TBLPTRL   0x000ff6       data     extern C:\MCC18\src\traditional\proc\p18F4550.asm
                  TBLPTRU   0x000ff8       data     extern C:\MCC18\src\traditional\proc\p18F4550.asm
                    TMR0H   0x000fd7       data     extern C:\MCC18\src\traditional\proc\p18F4550.asm
                    TMR0L   0x000fd6       data     extern C:\MCC18\src\traditional\proc\p18F4550.asm
                    TMR1H   0x000fcf       data     extern C:\MCC18\src\traditional\proc\p18F4550.asm
                    TMR1L   0x000fce       data     extern C:\MCC18\src\traditional\proc\p18F4550.asm
                     TMR2   0x000fcc       data     extern C:\MCC18\src\traditional\proc\p18F4550.asm
                    TMR3H   0x000fb3       data     extern C:\MCC18\src\traditional\proc\p18F4550.asm
                    TMR3L   0x000fb2       data     extern C:\MCC18\src\traditional\proc\p18F4550.asm
                      TOS   0x000ffd       data     extern C:\MCC18\src\traditional\proc\p18F4550.asm
                     TOSH   0x000ffe       data     extern C:\MCC18\src\traditional\proc\p18F4550.asm
                     TOSL   0x000ffd       data     extern C:\MCC18\src\traditional\proc\p18F4550.asm
                     TOSU   0x000fff       data     extern C:\MCC18\src\traditional\proc\p18F4550.asm
                    TRISA   0x000f92       data     extern C:\MCC18\src\traditional\proc\p18F4550.asm
                TRISAbits   0x000f92       data     extern C:\MCC18\src\traditional\proc\p18F4550.asm
                    TRISB   0x000f93       data     extern C:\MCC18\src\traditional\proc\p18F4550.asm
                TRISBbits   0x000f93       data     extern C:\MCC18\src\traditional\proc\p18F4550.asm
                    TRISC   0x000f94       data     extern C:\MCC18\src\traditional\proc\p18F4550.asm
                TRISCbits   0x000f94       data     extern C:\MCC18\src\traditional\proc\p18F4550.asm
                    TRISD   0x000f95       data     extern C:\MCC18\src\traditional\proc\p18F4550.asm
                TRISDbits   0x000f95       data     extern C:\MCC18\src\traditional\proc\p18F4550.asm
                    TRISE   0x000f96       data     extern C:\MCC18\src\traditional\proc\p18F4550.asm
                TRISEbits   0x000f96       data     extern C:\MCC18\src\traditional\proc\p18F4550.asm
                    TXREG   0x000fad       data     extern C:\MCC18\src\traditional\proc\p18F4550.asm
                    TXSTA   0x000fac       data     extern C:\MCC18\src\traditional\proc\p18F4550.asm
                TXSTAbits   0x000fac       data     extern C:\MCC18\src\traditional\proc\p18F4550.asm
                     Temp   0x000100       data     extern C:\work\FREELANCE\USB\USB Device - HID - Keyboard\fw_4550\Keyboard.c
                    UADDR   0x000f6e       data     extern C:\MCC18\src\traditional\proc\p18F4550.asm
                UADDRbits   0x000f6e       data     extern C:\MCC18\src\traditional\proc\p18F4550.asm
                     UCFG   0x000f6f       data     extern C:\MCC18\src\traditional\proc\p18F4550.asm
                 UCFGbits   0x000f6f       data     extern C:\MCC18\src\traditional\proc\p18F4550.asm
                     UCON   0x000f6d       data     extern C:\MCC18\src\traditional\proc\p18F4550.asm
                 UCONbits   0x000f6d       data     extern C:\MCC18\src\traditional\proc\p18F4550.asm
                     UEIE   0x000f6b       data     extern C:\MCC18\src\traditional\proc\p18F4550.asm
                 UEIEbits   0x000f6b       data     extern C:\MCC18\src\traditional\proc\p18F4550.asm
                     UEIR   0x000f6a       data     extern C:\MCC18\src\traditional\proc\p18F4550.asm
                 UEIRbits   0x000f6a       data     extern C:\MCC18\src\traditional\proc\p18F4550.asm
                     UEP0   0x000f70       data     extern C:\MCC18\src\traditional\proc\p18F4550.asm
                 UEP0bits   0x000f70       data     extern C:\MCC18\src\traditional\proc\p18F4550.asm
                     UEP1   0x000f71       data     extern C:\MCC18\src\traditional\proc\p18F4550.asm
                    UEP10   0x000f7a       data     extern C:\MCC18\src\traditional\proc\p18F4550.asm
                UEP10bits   0x000f7a       data     extern C:\MCC18\src\traditional\proc\p18F4550.asm
                    UEP11   0x000f7b       data     extern C:\MCC18\src\traditional\proc\p18F4550.asm
                UEP11bits   0x000f7b       data     extern C:\MCC18\src\traditional\proc\p18F4550.asm
                    UEP12   0x000f7c       data     extern C:\MCC18\src\traditional\proc\p18F4550.asm
                UEP12bits   0x000f7c       data     extern C:\MCC18\src\traditional\proc\p18F4550.asm
                    UEP13   0x000f7d       data     extern C:\MCC18\src\traditional\proc\p18F4550.asm
                UEP13bits   0x000f7d       data     extern C:\MCC18\src\traditional\proc\p18F4550.asm
                    UEP14   0x000f7e       data     extern C:\MCC18\src\traditional\proc\p18F4550.asm
                UEP14bits   0x000f7e       data     extern C:\MCC18\src\traditional\proc\p18F4550.asm
                    UEP15   0x000f7f       data     extern C:\MCC18\src\traditional\proc\p18F4550.asm
                UEP15bits   0x000f7f       data     extern C:\MCC18\src\traditional\proc\p18F4550.asm
                 UEP1bits   0x000f71       data     extern C:\MCC18\src\traditional\proc\p18F4550.asm
                     UEP2   0x000f72       data     extern C:\MCC18\src\traditional\proc\p18F4550.asm
                 UEP2bits   0x000f72       data     extern C:\MCC18\src\traditional\proc\p18F4550.asm
                     UEP3   0x000f73       data     extern C:\MCC18\src\traditional\proc\p18F4550.asm
                 UEP3bits   0x000f73       data     extern C:\MCC18\src\traditional\proc\p18F4550.asm
                     UEP4   0x000f74       data     extern C:\MCC18\src\traditional\proc\p18F4550.asm
                 UEP4bits   0x000f74       data     extern C:\MCC18\src\traditional\proc\p18F4550.asm
                     UEP5   0x000f75       data     extern C:\MCC18\src\traditional\proc\p18F4550.asm
                 UEP5bits   0x000f75       data     extern C:\MCC18\src\traditional\proc\p18F4550.asm
                     UEP6   0x000f76       data     extern C:\MCC18\src\traditional\proc\p18F4550.asm
                 UEP6bits   0x000f76       data     extern C:\MCC18\src\traditional\proc\p18F4550.asm
                     UEP7   0x000f77       data     extern C:\MCC18\src\traditional\proc\p18F4550.asm
                 UEP7bits   0x000f77       data     extern C:\MCC18\src\traditional\proc\p18F4550.asm
                     UEP8   0x000f78       data     extern C:\MCC18\src\traditional\proc\p18F4550.asm
                 UEP8bits   0x000f78       data     extern C:\MCC18\src\traditional\proc\p18F4550.asm
                     UEP9   0x000f79       data     extern C:\MCC18\src\traditional\proc\p18F4550.asm
                 UEP9bits   0x000f79       data     extern C:\MCC18\src\traditional\proc\p18F4550.asm
                     UFRM   0x000f66       data     extern C:\MCC18\src\traditional\proc\p18F4550.asm
                    UFRMH   0x000f67       data     extern C:\MCC18\src\traditional\proc\p18F4550.asm
                UFRMHbits   0x000f67       data     extern C:\MCC18\src\traditional\proc\p18F4550.asm
                    UFRML   0x000f66       data     extern C:\MCC18\src\traditional\proc\p18F4550.asm
                UFRMLbits   0x000f66       data     extern C:\MCC18\src\traditional\proc\p18F4550.asm
                      UIE   0x000f69       data     extern C:\MCC18\src\traditional\proc\p18F4550.asm
                  UIEbits   0x000f69       data     extern C:\MCC18\src\traditional\proc\p18F4550.asm
                      UIR   0x000f68       data     extern C:\MCC18\src\traditional\proc\p18F4550.asm
                  UIRbits   0x000f68       data     extern C:\MCC18\src\traditional\proc\p18F4550.asm
   USBActiveConfiguration   0x000061       data     extern C:\work\FREELANCE\USB\Microchip\USB\usb_device.c
    USBAlternateInterface   0x000062       data     extern C:\work\FREELANCE\USB\Microchip\USB\usb_device.c
           USBDeviceState   0x000060       data     extern C:\work\FREELANCE\USB\Microchip\USB\usb_device.c
                USBInData   0x00008f       data     extern C:\work\FREELANCE\USB\Microchip\USB\usb_device.c
       USBInMaxPacketSize   0x000089       data     extern C:\work\FREELANCE\USB\Microchip\USB\usb_device.c
            USB_In_Buffer   0x00014c       data     extern C:\work\FREELANCE\USB\USB Device - HID - Keyboard\fw_4550\Keyboard.c
           USB_Out_Buffer   0x00018c       data     extern C:\work\FREELANCE\USB\USB Device - HID - Keyboard\fw_4550\Keyboard.c
                    USTAT   0x000f6c       data     extern C:\MCC18\src\traditional\proc\p18F4550.asm
                USTATbits   0x000f6c       data     extern C:\MCC18\src\traditional\proc\p18F4550.asm
                USTATcopy   0x000088       data     extern C:\work\FREELANCE\USB\Microchip\USB\usb_device.c
                   WDTCON   0x000fd1       data     extern C:\MCC18\src\traditional\proc\p18F4550.asm
               WDTCONbits   0x000fd1       data     extern C:\MCC18\src\traditional\proc\p18F4550.asm
                     WREG   0x000fe8       data     extern C:\MCC18\src\traditional\proc\p18F4550.asm
                 __AARGB0   0x000009       data     extern C:\MCC18\src\traditional\math\aarg.asm
                 __AARGB1   0x000008       data     extern C:\MCC18\src\traditional\math\aarg.asm
                 __AARGB2   0x000007       data     extern C:\MCC18\src\traditional\math\aarg.asm
                 __AARGB3   0x000006       data     extern C:\MCC18\src\traditional\math\aarg.asm
                 __AARGB4   0x000005       data     extern C:\MCC18\src\traditional\math\aarg.asm
                 __AARGB5   0x000004       data     extern C:\MCC18\src\traditional\math\aarg.asm
                 __AARGB6   0x000003       data     extern C:\MCC18\src\traditional\math\aarg.asm
                 __AARGB7   0x000002       data     extern C:\MCC18\src\traditional\math\aarg.asm
                   __AEXP   0x00000a       data     extern C:\MCC18\src\traditional\math\aarg.asm
                 __BARGB0   0x00000e       data     extern C:\MCC18\src\traditional\math\barg.asm
                 __BARGB1   0x00000d       data     extern C:\MCC18\src\traditional\math\barg.asm
                 __BARGB2   0x00000c       data     extern C:\MCC18\src\traditional\math\barg.asm
                 __BARGB3   0x00000b       data     extern C:\MCC18\src\traditional\math\barg.asm
                   __BEXP   0x00000f       data     extern C:\MCC18\src\traditional\math\barg.asm
                __FPFLAGS   0x000001       data     extern C:\MCC18\src\traditional\math\cmath18.asm
            __FPFLAGSbits   0x000001       data     extern C:\MCC18\src\traditional\math\cmath18.asm
                  __REMB0   0x000005       data     extern C:\MCC18\src\traditional\math\aarg.asm
                  __REMB1   0x000004       data     extern C:\MCC18\src\traditional\math\aarg.asm
                  __REMB2   0x000003       data     extern C:\MCC18\src\traditional\math\aarg.asm
                  __REMB3   0x000002       data     extern C:\MCC18\src\traditional\math\aarg.asm
                   __TEMP   0x000013       data     extern C:\MCC18\src\traditional\math\temparg.asm
                 __TEMPB0   0x000013       data     extern C:\MCC18\src\traditional\math\temparg.asm
                 __TEMPB1   0x000012       data     extern C:\MCC18\src\traditional\math\temparg.asm
                 __TEMPB2   0x000011       data     extern C:\MCC18\src\traditional\math\temparg.asm
                 __TEMPB3   0x000010       data     extern C:\MCC18\src\traditional\math\temparg.asm
                  __tmp_0   0x000014       data     static C:\work\FREELANCE\USB\Microchip\Usb\CDC Device Driver\usb_function_cdc.c
                  __tmp_0   0x000014       data     static C:\work\FREELANCE\USB\Microchip\USB\usb_device.c
                  __tmp_0   0x000014       data     static C:\MCC18\src\pmc_common\ADC\adcsetch.c
                  __tmp_0   0x000014       data     static C:\MCC18\src\pmc_common\ADC\adcread.c
                  __tmp_0   0x000014       data     static C:\MCC18\src\pmc_common\ADC\adcopen.c
                  __tmp_0   0x000014       data     static C:\work\FREELANCE\USB\USB Device - HID - Keyboard\fw_4550\Keyboard.c
          active_protocol   0x0002f8       data     extern C:\work\FREELANCE\USB\Microchip\USB\HID Device Driver\usb_function_hid.c
                adcresult   0x0001e7       data     extern C:\work\FREELANCE\USB\USB Device - HID - Keyboard\fw_4550\Keyboard.c
                  ampmute   0x000218       data     extern C:\work\FREELANCE\USB\USB Device - HID - Keyboard\fw_4550\Keyboard.c
                   buffer   0x000141       data     extern C:\work\FREELANCE\USB\USB Device - HID - Keyboard\fw_4550\Keyboard.c
                       c0   0x0001db       data     extern C:\work\FREELANCE\USB\USB Device - HID - Keyboard\fw_4550\Keyboard.c
                       c1   0x0001dd       data     extern C:\work\FREELANCE\USB\USB Device - HID - Keyboard\fw_4550\Keyboard.c
                       c2   0x0001df       data     extern C:\work\FREELANCE\USB\USB Device - HID - Keyboard\fw_4550\Keyboard.c
                       c3   0x0001e1       data     extern C:\work\FREELANCE\USB\USB Device - HID - Keyboard\fw_4550\Keyboard.c
              cdc_data_rx   0x000443       data     extern C:\work\FREELANCE\USB\Microchip\Usb\CDC Device Driver\usb_function_cdc.c
              cdc_data_tx   0x000483       data     extern C:\work\FREELANCE\USB\Microchip\Usb\CDC Device Driver\usb_function_cdc.c
             cdc_mem_type   0x0002e5       data     extern C:\work\FREELANCE\USB\Microchip\Usb\CDC Device Driver\usb_function_cdc.c
               cdc_notice   0x00043b       data     extern C:\work\FREELANCE\USB\Microchip\Usb\CDC Device Driver\usb_function_cdc.c
               cdc_rx_len   0x0002de       data     extern C:\work\FREELANCE\USB\Microchip\Usb\CDC Device Driver\usb_function_cdc.c
            cdc_trf_state   0x0002df       data     extern C:\work\FREELANCE\USB\Microchip\Usb\CDC Device Driver\usb_function_cdc.c
               cdc_tx_len   0x0002e4       data     extern C:\work\FREELANCE\USB\Microchip\Usb\CDC Device Driver\usb_function_cdc.c
                   center   0x0001cf       data     extern C:\work\FREELANCE\USB\USB Device - HID - Keyboard\fw_4550\Keyboard.c
     controlTransferState   0x000078       data     extern C:\work\FREELANCE\USB\Microchip\USB\usb_device.c
    control_signal_bitmap   0x0002ea       data     extern C:\work\FREELANCE\USB\Microchip\Usb\CDC Device Driver\usb_function_cdc.c
                curr_byte   0x0001ee       data     static C:\MCC18\src\traditional\startup\c018i.c
               curr_entry   0x0001f0       data     static C:\MCC18\src\traditional\startup\c018i.c
                        d   0x000118       data     extern C:\work\FREELANCE\USB\USB Device - HID - Keyboard\fw_4550\Keyboard.c
                 data_ptr   0x0001f2       data     static C:\MCC18\src\traditional\startup\c018i.c
                    debug   0x000257       data     extern C:\work\FREELANCE\USB\USB Device - HID - Keyboard\fw_4550\Keyboard.c
              delay_count   0x0001e9       data     static C:\work\FREELANCE\USB\USB Device - HID - Keyboard\fw_4550\Keyboard.c
dummy_encapsulated_cmd_response   0x0002ef       data     extern C:\work\FREELANCE\USB\Microchip\Usb\CDC Device Driver\usb_function_cdc.c
            flashBuffAddr   0x000208       data     extern C:\work\FREELANCE\USB\USB Device - HID - Keyboard\fw_4550\Keyboard.c
                 flashMem   0x000119       data     extern C:\work\FREELANCE\USB\USB Device - HID - Keyboard\fw_4550\Keyboard.c
            hid_report_in   0x000433       data     extern C:\work\FREELANCE\USB\Microchip\USB\usb_device.c
           hid_report_out   0x000430       data     extern C:\work\FREELANCE\USB\Microchip\USB\usb_device.c
           hid_rpt_rx_len   0x0002f9       data     extern C:\work\FREELANCE\USB\Microchip\USB\HID Device Driver\usb_function_hid.c
                idle_rate   0x0002f7       data     extern C:\work\FREELANCE\USB\Microchip\USB\HID Device Driver\usb_function_hid.c
                  inPipes   0x000079       data     extern C:\work\FREELANCE\USB\Microchip\USB\usb_device.c
                 incoming   0x000200       data     extern C:\work\FREELANCE\USB\USB Device - HID - Keyboard\fw_4550\Keyboard.c
                    key_d   0x0002dc       data     static C:\work\FREELANCE\USB\USB Device - HID - Keyboard\fw_4550\Keyboard.c
                    key_e   0x0002dd       data     static C:\work\FREELANCE\USB\USB Device - HID - Keyboard\fw_4550\Keyboard.c
                    key_l   0x0002d6       data     static C:\work\FREELANCE\USB\USB Device - HID - Keyboard\fw_4550\Keyboard.c
                    key_p   0x0002da       data     static C:\work\FREELANCE\USB\USB Device - HID - Keyboard\fw_4550\Keyboard.c
                    key_r   0x0002d7       data     static C:\work\FREELANCE\USB\USB Device - HID - Keyboard\fw_4550\Keyboard.c
                    key_s   0x0002d9       data     static C:\work\FREELANCE\USB\USB Device - HID - Keyboard\fw_4550\Keyboard.c
                    key_u   0x0002db       data     static C:\work\FREELANCE\USB\USB Device - HID - Keyboard\fw_4550\Keyboard.c
                    key_x   0x0002d8       data     static C:\work\FREELANCE\USB\USB Device - HID - Keyboard\fw_4550\Keyboard.c
                lastSpeed   0x0001e5       data     extern C:\work\FREELANCE\USB\USB Device - HID - Keyboard\fw_4550\Keyboard.c
         lastTransmission   0x000149       data     extern C:\work\FREELANCE\USB\USB Device - HID - Keyboard\fw_4550\Keyboard.c
                  lastVol   0x0001e3       data     extern C:\work\FREELANCE\USB\USB Device - HID - Keyboard\fw_4550\Keyboard.c
              line_coding   0x0004c3       data     extern C:\work\FREELANCE\USB\Microchip\Usb\CDC Device Driver\usb_function_cdc.c
                      max   0x0001d1       data     extern C:\work\FREELANCE\USB\USB Device - HID - Keyboard\fw_4550\Keyboard.c
                      min   0x0001cd       data     extern C:\work\FREELANCE\USB\USB Device - HID - Keyboard\fw_4550\Keyboard.c
               muteBuffer   0x000219       data     extern C:\work\FREELANCE\USB\USB Device - HID - Keyboard\fw_4550\Keyboard.c
                  old_swD   0x00013f       data     extern C:\work\FREELANCE\USB\USB Device - HID - Keyboard\fw_4550\Keyboard.c
                  old_swE   0x000140       data     extern C:\work\FREELANCE\USB\USB Device - HID - Keyboard\fw_4550\Keyboard.c
                  old_swL   0x000139       data     extern C:\work\FREELANCE\USB\USB Device - HID - Keyboard\fw_4550\Keyboard.c
                  old_swP   0x00013d       data     extern C:\work\FREELANCE\USB\USB Device - HID - Keyboard\fw_4550\Keyboard.c
                  old_swR   0x00013a       data     extern C:\work\FREELANCE\USB\USB Device - HID - Keyboard\fw_4550\Keyboard.c
                  old_swS   0x00013c       data     extern C:\work\FREELANCE\USB\USB Device - HID - Keyboard\fw_4550\Keyboard.c
                  old_swU   0x00013e       data     extern C:\work\FREELANCE\USB\USB Device - HID - Keyboard\fw_4550\Keyboard.c
                  old_swX   0x00013b       data     extern C:\work\FREELANCE\USB\USB Device - HID - Keyboard\fw_4550\Keyboard.c
                 outPipes   0x00007e       data     extern C:\work\FREELANCE\USB\Microchip\USB\usb_device.c
   pBDTEntryEP0OutCurrent   0x000063       data     extern C:\work\FREELANCE\USB\Microchip\USB\usb_device.c
      pBDTEntryEP0OutNext   0x000065       data     extern C:\work\FREELANCE\USB\Microchip\USB\usb_device.c
              pBDTEntryIn   0x00006f       data     extern C:\work\FREELANCE\USB\Microchip\USB\usb_device.c
             pBDTEntryOut   0x000067       data     extern C:\work\FREELANCE\USB\Microchip\USB\usb_device.c
                  pCDCDst   0x0002e2       data     extern C:\work\FREELANCE\USB\Microchip\Usb\CDC Device Driver\usb_function_cdc.c
                  pCDCSrc   0x0002e0       data     extern C:\work\FREELANCE\USB\Microchip\Usb\CDC Device Driver\usb_function_cdc.c
                     pDst   0x000085       data     extern C:\work\FREELANCE\USB\Microchip\USB\usb_device.c
               pledBuffer   0x00020b       data     extern C:\work\FREELANCE\USB\USB Device - HID - Keyboard\fw_4550\Keyboard.c
                     poll   0x0002d2       data     extern C:\work\FREELANCE\USB\USB Device - HID - Keyboard\fw_4550\Keyboard.c
                 powerled   0x00020a       data     extern C:\work\FREELANCE\USB\USB Device - HID - Keyboard\fw_4550\Keyboard.c
                     prom   0x0001eb       data     static C:\MCC18\src\traditional\startup\c018i.c
                  readRes   0x0001d7       data     extern C:\work\FREELANCE\USB\USB Device - HID - Keyboard\fw_4550\Keyboard.c
                   readSp   0x0001d5       data     extern C:\work\FREELANCE\USB\USB Device - HID - Keyboard\fw_4550\Keyboard.c
                  readVol   0x0001d3       data     extern C:\work\FREELANCE\USB\USB Device - HID - Keyboard\fw_4550\Keyboard.c
[...]
                    UEP13   0x000f7d       data     extern C:\MCC18\src\traditional\proc\p18F4550.asm
                UEP13bits   0x000f7d       data     extern C:\MCC18\src\traditional\proc\p18F4550.asm
                    UEP14   0x000f7e       data     extern C:\MCC18\src\traditional\proc\p18F4550.asm
                UEP14bits   0x000f7e       data     extern C:\MCC18\src\traditional\proc\p18F4550.asm
                    UEP15   0x000f7f       data     extern C:\MCC18\src\traditional\proc\p18F4550.asm
                UEP15bits   0x000f7f       data     extern C:\MCC18\src\traditional\proc\p18F4550.asm
                    PORTA   0x000f80       data     extern C:\MCC18\src\traditional\proc\p18F4550.asm
                PORTAbits   0x000f80       data     extern C:\MCC18\src\traditional\proc\p18F4550.asm
                PORTBbits   0x000f81       data     extern C:\MCC18\src\traditional\proc\p18F4550.asm
                    PORTB   0x000f81       data     extern C:\MCC18\src\traditional\proc\p18F4550.asm
                    PORTC   0x000f82       data     extern C:\MCC18\src\traditional\proc\p18F4550.asm
                PORTCbits   0x000f82       data     extern C:\MCC18\src\traditional\proc\p18F4550.asm
                    PORTD   0x000f83       data     extern C:\MCC18\src\traditional\proc\p18F4550.asm
                PORTDbits   0x000f83       data     extern C:\MCC18\src\traditional\proc\p18F4550.asm
                    PORTE   0x000f84       data     extern C:\MCC18\src\traditional\proc\p18F4550.asm
                PORTEbits   0x000f84       data     extern C:\MCC18\src\traditional\proc\p18F4550.asm
                     LATA   0x000f89       data     extern C:\MCC18\src\traditional\proc\p18F4550.asm
                 LATAbits   0x000f89       data     extern C:\MCC18\src\traditional\proc\p18F4550.asm
                     LATB   0x000f8a       data     extern C:\MCC18\src\traditional\proc\p18F4550.asm
                 LATBbits   0x000f8a       data     extern C:\MCC18\src\traditional\proc\p18F4550.asm
                     LATC   0x000f8b       data     extern C:\MCC18\src\traditional\proc\p18F4550.asm
                 LATCbits   0x000f8b       data     extern C:\MCC18\src\traditional\proc\p18F4550.asm
                     LATD   0x000f8c       data     extern C:\MCC18\src\traditional\proc\p18F4550.asm
                 LATDbits   0x000f8c       data     extern C:\MCC18\src\traditional\proc\p18F4550.asm
                     LATE   0x000f8d       data     extern C:\MCC18\src\traditional\proc\p18F4550.asm
                 LATEbits   0x000f8d       data     extern C:\MCC18\src\traditional\proc\p18F4550.asm
                 DDRAbits   0x000f92       data     extern C:\MCC18\src\traditional\proc\p18F4550.asm
                    TRISA   0x000f92       data     extern C:\MCC18\src\traditional\proc\p18F4550.asm
                TRISAbits   0x000f92       data     extern C:\MCC18\src\traditional\proc\p18F4550.asm
                     DDRA   0x000f92       data     extern C:\MCC18\src\traditional\proc\p18F4550.asm
                TRISBbits   0x000f93       data     extern C:\MCC18\src\traditional\proc\p18F4550.asm
                    TRISB   0x000f93       data     extern C:\MCC18\src\traditional\proc\p18F4550.asm
                 DDRBbits   0x000f93       data     extern C:\MCC18\src\traditional\proc\p18F4550.asm
                     DDRB   0x000f93       data     extern C:\MCC18\src\traditional\proc\p18F4550.asm
                 DDRCbits   0x000f94       data     extern C:\MCC18\src\traditional\proc\p18F4550.asm
                     DDRC   0x000f94       data     extern C:\MCC18\src\traditional\proc\p18F4550.asm
                    TRISC   0x000f94       data     extern C:\MCC18\src\traditional\proc\p18F4550.asm
                TRISCbits   0x000f94       data     extern C:\MCC18\src\traditional\proc\p18F4550.asm
                 DDRDbits   0x000f95       data     extern C:\MCC18\src\traditional\proc\p18F4550.asm
                     DDRD   0x000f95       data     extern C:\MCC18\src\traditional\proc\p18F4550.asm
                TRISDbits   0x000f95       data     extern C:\MCC18\src\traditional\proc\p18F4550.asm
                    TRISD   0x000f95       data     extern C:\MCC18\src\traditional\proc\p18F4550.asm
                    TRISE   0x000f96       data     extern C:\MCC18\src\traditional\proc\p18F4550.asm
                TRISEbits   0x000f96       data     extern C:\MCC18\src\traditional\proc\p18F4550.asm
                 DDREbits   0x000f96       data     extern C:\MCC18\src\traditional\proc\p18F4550.asm
                     DDRE   0x000f96       data     extern C:\MCC18\src\traditional\proc\p18F4550.asm
              OSCTUNEbits   0x000f9b       data     extern C:\MCC18\src\traditional\proc\p18F4550.asm
                  OSCTUNE   0x000f9b       data     extern C:\MCC18\src\traditional\proc\p18F4550.asm
                     PIE1   0x000f9d       data     extern C:\MCC18\src\traditional\proc\p18F4550.asm
                 PIE1bits   0x000f9d       data     extern C:\MCC18\src\traditional\proc\p18F4550.asm
                     PIR1   0x000f9e       data     extern C:\MCC18\src\traditional\proc\p18F4550.asm
                 PIR1bits   0x000f9e       data     extern C:\MCC18\src\traditional\proc\p18F4550.asm
                 IPR1bits   0x000f9f       data     extern C:\MCC18\src\traditional\proc\p18F4550.asm
                     IPR1   0x000f9f       data     extern C:\MCC18\src\traditional\proc\p18F4550.asm
                     PIE2   0x000fa0       data     extern C:\MCC18\src\traditional\proc\p18F4550.asm
                 PIE2bits   0x000fa0       data     extern C:\MCC18\src\traditional\proc\p18F4550.asm
                     PIR2   0x000fa1       data     extern C:\MCC18\src\traditional\proc\p18F4550.asm
                 PIR2bits   0x000fa1       data     extern C:\MCC18\src\traditional\proc\p18F4550.asm
                 IPR2bits   0x000fa2       data     extern C:\MCC18\src\traditional\proc\p18F4550.asm
                     IPR2   0x000fa2       data     extern C:\MCC18\src\traditional\proc\p18F4550.asm
               EECON1bits   0x000fa6       data     extern C:\MCC18\src\traditional\proc\p18F4550.asm
                   EECON1   0x000fa6       data     extern C:\MCC18\src\traditional\proc\p18F4550.asm
                   EECON2   0x000fa7       data     extern C:\MCC18\src\traditional\proc\p18F4550.asm
                   EEDATA   0x000fa8       data     extern C:\MCC18\src\traditional\proc\p18F4550.asm
                    EEADR   0x000fa9       data     extern C:\MCC18\src\traditional\proc\p18F4550.asm
                RCSTAbits   0x000fab       data     extern C:\MCC18\src\traditional\proc\p18F4550.asm
                    RCSTA   0x000fab       data     extern C:\MCC18\src\traditional\proc\p18F4550.asm
                    TXSTA   0x000fac       data     extern C:\MCC18\src\traditional\proc\p18F4550.asm
                TXSTAbits   0x000fac       data     extern C:\MCC18\src\traditional\proc\p18F4550.asm
                    TXREG   0x000fad       data     extern C:\MCC18\src\traditional\proc\p18F4550.asm
                    RCREG   0x000fae       data     extern C:\MCC18\src\traditional\proc\p18F4550.asm
                    SPBRG   0x000faf       data     extern C:\MCC18\src\traditional\proc\p18F4550.asm
                   SPBRGH   0x000fb0       data     extern C:\MCC18\src\traditional\proc\p18F4550.asm
                    T3CON   0x000fb1       data     extern C:\MCC18\src\traditional\proc\p18F4550.asm
                T3CONbits   0x000fb1       data     extern C:\MCC18\src\traditional\proc\p18F4550.asm
                    TMR3L   0x000fb2       data     extern C:\MCC18\src\traditional\proc\p18F4550.asm
                    TMR3H   0x000fb3       data     extern C:\MCC18\src\traditional\proc\p18F4550.asm
                    CMCON   0x000fb4       data     extern C:\MCC18\src\traditional\proc\p18F4550.asm
                CMCONbits   0x000fb4       data     extern C:\MCC18\src\traditional\proc\p18F4550.asm
                   CVRCON   0x000fb5       data     extern C:\MCC18\src\traditional\proc\p18F4550.asm
               CVRCONbits   0x000fb5       data     extern C:\MCC18\src\traditional\proc\p18F4550.asm
                  ECCP1AS   0x000fb6       data     extern C:\MCC18\src\traditional\proc\p18F4550.asm
              ECCP1ASbits   0x000fb6       data     extern C:\MCC18\src\traditional\proc\p18F4550.asm
                   CCP1AS   0x000fb6       data     extern C:\MCC18\src\traditional\proc\p18F4550.asm
               CCP1ASbits   0x000fb6       data     extern C:\MCC18\src\traditional\proc\p18F4550.asm
             ECCP1DELbits   0x000fb7       data     extern C:\MCC18\src\traditional\proc\p18F4550.asm
              CCP1DELbits   0x000fb7       data     extern C:\MCC18\src\traditional\proc\p18F4550.asm
                  CCP1DEL   0x000fb7       data     extern C:\MCC18\src\traditional\proc\p18F4550.asm
                 ECCP1DEL   0x000fb7       data     extern C:\MCC18\src\traditional\proc\p18F4550.asm
                  BAUDCON   0x000fb8       data     extern C:\MCC18\src\traditional\proc\p18F4550.asm
              BAUDCONbits   0x000fb8       data     extern C:\MCC18\src\traditional\proc\p18F4550.asm
              CCP2CONbits   0x000fba       data     extern C:\MCC18\src\traditional\proc\p18F4550.asm
                  CCP2CON   0x000fba       data     extern C:\MCC18\src\traditional\proc\p18F4550.asm
                   CCPR2L   0x000fbb       data     extern C:\MCC18\src\traditional\proc\p18F4550.asm
                    CCPR2   0x000fbb       data     extern C:\MCC18\src\traditional\proc\p18F4550.asm
                   CCPR2H   0x000fbc       data     extern C:\MCC18\src\traditional\proc\p18F4550.asm
                 ECCP1CON   0x000fbd       data     extern C:\MCC18\src\traditional\proc\p18F4550.asm
             ECCP1CONbits   0x000fbd       data     extern C:\MCC18\src\traditional\proc\p18F4550.asm
                  CCP1CON   0x000fbd       data     extern C:\MCC18\src\traditional\proc\p18F4550.asm
              CCP1CONbits   0x000fbd       data     extern C:\MCC18\src\traditional\proc\p18F4550.asm
                   CCPR1L   0x000fbe       data     extern C:\MCC18\src\traditional\proc\p18F4550.asm
                    CCPR1   0x000fbe       data     extern C:\MCC18\src\traditional\proc\p18F4550.asm
                   CCPR1H   0x000fbf       data     extern C:\MCC18\src\traditional\proc\p18F4550.asm
               ADCON2bits   0x000fc0       data     extern C:\MCC18\src\traditional\proc\p18F4550.asm
                   ADCON2   0x000fc0       data     extern C:\MCC18\src\traditional\proc\p18F4550.asm
               ADCON1bits   0x000fc1       data     extern C:\MCC18\src\traditional\proc\p18F4550.asm
                   ADCON1   0x000fc1       data     extern C:\MCC18\src\traditional\proc\p18F4550.asm
                   ADCON0   0x000fc2       data     extern C:\MCC18\src\traditional\proc\p18F4550.asm
               ADCON0bits   0x000fc2       data     extern C:\MCC18\src\traditional\proc\p18F4550.asm
                    ADRES   0x000fc3       data     extern C:\MCC18\src\traditional\proc\p18F4550.asm
                   ADRESL   0x000fc3       data     extern C:\MCC18\src\traditional\proc\p18F4550.asm
                   ADRESH   0x000fc4       data     extern C:\MCC18\src\traditional\proc\p18F4550.asm
                  SSPCON2   0x000fc5       data     extern C:\MCC18\src\traditional\proc\p18F4550.asm
              SSPCON2bits   0x000fc5       data     extern C:\MCC18\src\traditional\proc\p18F4550.asm
                  SSPCON1   0x000fc6       data     extern C:\MCC18\src\traditional\proc\p18F4550.asm
              SSPCON1bits   0x000fc6       data     extern C:\MCC18\src\traditional\proc\p18F4550.asm
                  SSPSTAT   0x000fc7       data     extern C:\MCC18\src\traditional\proc\p18F4550.asm
              SSPSTATbits   0x000fc7       data     extern C:\MCC18\src\traditional\proc\p18F4550.asm
                   SSPADD   0x000fc8       data     extern C:\MCC18\src\traditional\proc\p18F4550.asm
                   SSPBUF   0x000fc9       data     extern C:\MCC18\src\traditional\proc\p18F4550.asm
                    T2CON   0x000fca       data     extern C:\MCC18\src\traditional\proc\p18F4550.asm
                T2CONbits   0x000fca       data     extern C:\MCC18\src\traditional\proc\p18F4550.asm
                      PR2   0x000fcb       data     extern C:\MCC18\src\traditional\proc\p18F4550.asm
                     TMR2   0x000fcc       data     extern C:\MCC18\src\traditional\proc\p18F4550.asm
                T1CONbits   0x000fcd       data     extern C:\MCC18\src\traditional\proc\p18F4550.asm
                    T1CON   0x000fcd       data     extern C:\MCC18\src\traditional\proc\p18F4550.asm
                    TMR1L   0x000fce       data     extern C:\MCC18\src\traditional\proc\p18F4550.asm
                    TMR1H   0x000fcf       data     extern C:\MCC18\src\traditional\proc\p18F4550.asm
                     RCON   0x000fd0       data     extern C:\MCC18\src\traditional\proc\p18F4550.asm
                 RCONbits   0x000fd0       data     extern C:\MCC18\src\traditional\proc\p18F4550.asm
               WDTCONbits   0x000fd1       data     extern C:\MCC18\src\traditional\proc\p18F4550.asm
                   WDTCON   0x000fd1       data     extern C:\MCC18\src\traditional\proc\p18F4550.asm
               LVDCONbits   0x000fd2       data     extern C:\MCC18\src\traditional\proc\p18F4550.asm
                   LVDCON   0x000fd2       data     extern C:\MCC18\src\traditional\proc\p18F4550.asm
              HLVDCONbits   0x000fd2       data     extern C:\MCC18\src\traditional\proc\p18F4550.asm
                  HLVDCON   0x000fd2       data     extern C:\MCC18\src\traditional\proc\p18F4550.asm
               OSCCONbits   0x000fd3       data     extern C:\MCC18\src\traditional\proc\p18F4550.asm
                   OSCCON   0x000fd3       data     extern C:\MCC18\src\traditional\proc\p18F4550.asm
                    T0CON   0x000fd5       data     extern C:\MCC18\src\traditional\proc\p18F4550.asm
                T0CONbits   0x000fd5       data     extern C:\MCC18\src\traditional\proc\p18F4550.asm
                    TMR0L   0x000fd6       data     extern C:\MCC18\src\traditional\proc\p18F4550.asm
                    TMR0H   0x000fd7       data     extern C:\MCC18\src\traditional\proc\p18F4550.asm
                   STATUS   0x000fd8       data     extern C:\MCC18\src\traditional\proc\p18F4550.asm
               STATUSbits   0x000fd8       data     extern C:\MCC18\src\traditional\proc\p18F4550.asm
                    FSR2L   0x000fd9       data     extern C:\MCC18\src\traditional\proc\p18F4550.asm
                     FSR2   0x000fd9       data     extern C:\MCC18\src\traditional\proc\p18F4550.asm
                    FSR2H   0x000fda       data     extern C:\MCC18\src\traditional\proc\p18F4550.asm
                   PLUSW2   0x000fdb       data     extern C:\MCC18\src\traditional\proc\p18F4550.asm
                  PREINC2   0x000fdc       data     extern C:\MCC18\src\traditional\proc\p18F4550.asm
                 POSTDEC2   0x000fdd       data     extern C:\MCC18\src\traditional\proc\p18F4550.asm
                 POSTINC2   0x000fde       data     extern C:\MCC18\src\traditional\proc\p18F4550.asm
                    INDF2   0x000fdf       data     extern C:\MCC18\src\traditional\proc\p18F4550.asm
                      BSR   0x000fe0       data     extern C:\MCC18\src\traditional\proc\p18F4550.asm
                    FSR1L   0x000fe1       data     extern C:\MCC18\src\traditional\proc\p18F4550.asm
                     FSR1   0x000fe1       data     extern C:\MCC18\src\traditional\proc\p18F4550.asm
                    FSR1H   0x000fe2       data     extern C:\MCC18\src\traditional\proc\p18F4550.asm
                   PLUSW1   0x000fe3       data     extern C:\MCC18\src\traditional\proc\p18F4550.asm
                  PREINC1   0x000fe4       data     extern C:\MCC18\src\traditional\proc\p18F4550.asm
                 POSTDEC1   0x000fe5       data     extern C:\MCC18\src\traditional\proc\p18F4550.asm
                 POSTINC1   0x000fe6       data     extern C:\MCC18\src\traditional\proc\p18F4550.asm
                    INDF1   0x000fe7       data     extern C:\MCC18\src\traditional\proc\p18F4550.asm
                     WREG   0x000fe8       data     extern C:\MCC18\src\traditional\proc\p18F4550.asm
                     FSR0   0x000fe9       data     extern C:\MCC18\src\traditional\proc\p18F4550.asm
                    FSR0L   0x000fe9       data     extern C:\MCC18\src\traditional\proc\p18F4550.asm
                    FSR0H   0x000fea       data     extern C:\MCC18\src\traditional\proc\p18F4550.asm
                   PLUSW0   0x000feb       data     extern C:\MCC18\src\traditional\proc\p18F4550.asm
                  PREINC0   0x000fec       data     extern C:\MCC18\src\traditional\proc\p18F4550.asm
                 POSTDEC0   0x000fed       data     extern C:\MCC18\src\traditional\proc\p18F4550.asm
                 POSTINC0   0x000fee       data     extern C:\MCC18\src\traditional\proc\p18F4550.asm
                    INDF0   0x000fef       data     extern C:\MCC18\src\traditional\proc\p18F4550.asm
              INTCON3bits   0x000ff0       data     extern C:\MCC18\src\traditional\proc\p18F4550.asm
                  INTCON3   0x000ff0       data     extern C:\MCC18\src\traditional\proc\p18F4550.asm
              INTCON2bits   0x000ff1       data     extern C:\MCC18\src\traditional\proc\p18F4550.asm
                  INTCON2   0x000ff1       data     extern C:\MCC18\src\traditional\proc\p18F4550.asm
               INTCONbits   0x000ff2       data     extern C:\MCC18\src\traditional\proc\p18F4550.asm
                   INTCON   0x000ff2       data     extern C:\MCC18\src\traditional\proc\p18F4550.asm
                     PROD   0x000ff3       data     extern C:\MCC18\src\traditional\proc\p18F4550.asm
                    PRODL   0x000ff3       data     extern C:\MCC18\src\traditional\proc\p18F4550.asm
                    PRODH   0x000ff4       data     extern C:\MCC18\src\traditional\proc\p18F4550.asm
                   TABLAT   0x000ff5       data     extern C:\MCC18\src\traditional\proc\p18F4550.asm
                  TBLPTRL   0x000ff6       data     extern C:\MCC18\src\traditional\proc\p18F4550.asm
                   TBLPTR   0x000ff6       data     extern C:\MCC18\src\traditional\proc\p18F4550.asm
                  TBLPTRH   0x000ff7       data     extern C:\MCC18\src\traditional\proc\p18F4550.asm
                  TBLPTRU   0x000ff8       data     extern C:\MCC18\src\traditional\proc\p18F4550.asm
                       PC   0x000ff9       data     extern C:\MCC18\src\traditional\proc\p18F4550.asm
                      PCL   0x000ff9       data     extern C:\MCC18\src\traditional\proc\p18F4550.asm
                   PCLATH   0x000ffa       data     extern C:\MCC18\src\traditional\proc\p18F4550.asm
                   PCLATU   0x000ffb       data     extern C:\MCC18\src\traditional\proc\p18F4550.asm
                   STKPTR   0x000ffc       data     extern C:\MCC18\src\traditional\proc\p18F4550.asm
               STKPTRbits   0x000ffc       data     extern C:\MCC18\src\traditional\proc\p18F4550.asm
                      TOS   0x000ffd       data     extern C:\MCC18\src\traditional\proc\p18F4550.asm
                     TOSL   0x000ffd       data     extern C:\MCC18\src\traditional\proc\p18F4550.asm
                     TOSH   0x000ffe       data     extern C:\MCC18\src\traditional\proc\p18F4550.asm
                     TOSU   0x000fff       data     extern C:\MCC18\src\traditional\proc\p18F4550.asm


